Archive member included because of file (symbol)

c:/marmalade/7.3/s3e/lib/arm/v6/nofpu/soft\libs3e_cpp_d.a(iostream.obj)
                              Debug_OneTap_vc12x_gcc_arm/MainMenu.obj (_STL::ios_base::Init::~Init())
c:/marmalade/7.3/s3e/lib/arm/v6/nofpu/soft\libs3e_cpp_d.a(locale_impl.obj)
                              Debug_OneTap_vc12x_gcc_arm/MainMenu.obj (_STL::ios_base::_Loc_init::~_Loc_init())
c:/marmalade/7.3/s3e/lib/arm/v6/nofpu/soft\libs3e_cpp_d.a(messages.obj)
                              c:/marmalade/7.3/s3e/lib/arm/v6/nofpu/soft\libs3e_cpp_d.a(locale_impl.obj) (_STL::_Messages::~_Messages())
c:/marmalade/7.3/s3e/lib/arm/v6/nofpu/soft\libs3e_cpp_d.a(monetary.obj)
                              c:/marmalade/7.3/s3e/lib/arm/v6/nofpu/soft\libs3e_cpp_d.a(locale_impl.obj) (_STL::moneypunct<char, true>::moneypunct(unsigned int))
c:/marmalade/7.3/s3e/lib/arm/v6/nofpu/soft\libs3e_cpp_d.a(num_get.obj)
                              c:/marmalade/7.3/s3e/lib/arm/v6/nofpu/soft\libs3e_cpp_d.a(locale_impl.obj) (_STL::__valid_grouping(char const*, char const*, char const*, char const*))
c:/marmalade/7.3/s3e/lib/arm/v6/nofpu/soft\libs3e_cpp_d.a(num_get_float.obj)
                              c:/marmalade/7.3/s3e/lib/arm/v6/nofpu/soft\libs3e_cpp_d.a(locale_impl.obj) (_STL::_Initialize_get_float(_STL::ctype<wchar_t> const&, wchar_t&, wchar_t&, wchar_t&, wchar_t&, wchar_t*))
c:/marmalade/7.3/s3e/lib/arm/v6/nofpu/soft\libs3e_cpp_d.a(num_put.obj)
                              c:/marmalade/7.3/s3e/lib/arm/v6/nofpu/soft\libs3e_cpp_d.a(locale_impl.obj) (_STL::__insert_grouping(char*, char*, _STL::basic_string<char, _STL::char_traits<char>, _STL::allocator<char> > const&, char, char, char, int))
c:/marmalade/7.3/s3e/lib/arm/v6/nofpu/soft\libs3e_cpp_d.a(num_put_float.obj)
                              c:/marmalade/7.3/s3e/lib/arm/v6/nofpu/soft\libs3e_cpp_d.a(locale_impl.obj) (_STL::__write_float(_STL::basic_string<char, _STL::char_traits<char>, _STL::allocator<char> >&, int, int, double))
c:/marmalade/7.3/s3e/lib/arm/v6/nofpu/soft\libs3e_cpp_d.a(numpunct.obj)
                              c:/marmalade/7.3/s3e/lib/arm/v6/nofpu/soft\libs3e_cpp_d.a(locale_impl.obj) (vtable for _STL::numpunct<char>)
c:/marmalade/7.3/s3e/lib/arm/v6/nofpu/soft\libs3e_cpp_d.a(stdio_streambuf.obj)
                              c:/marmalade/7.3/s3e/lib/arm/v6/nofpu/soft\libs3e_cpp_d.a(iostream.obj) (_SgI::stdio_streambuf_base::stdio_streambuf_base(__XXFILE*))
c:/marmalade/7.3/s3e/lib/arm/v6/nofpu/soft\libs3e_cpp_d.a(time_facets.obj)
                              c:/marmalade/7.3/s3e/lib/arm/v6/nofpu/soft\libs3e_cpp_d.a(locale_impl.obj) (_STL::_Init_timeinfo(_STL::_Time_Info&))
c:/marmalade/7.3/s3e/lib/arm/v6/nofpu/soft\libs3e_cpp_d.a(array_delete.obj)
                              c:/marmalade/7.3/s3e/lib/arm/v6/nofpu/soft\libs3e_cpp_d.a(iostream.obj) (operator delete[](void*))
c:/marmalade/7.3/s3e/lib/arm/v6/nofpu/soft\libs3e_cpp_d.a(array_new.obj)
                              c:/marmalade/7.3/s3e/lib/arm/v6/nofpu/soft\libs3e_cpp_d.a(iostream.obj) (operator new[](unsigned int))
c:/marmalade/7.3/s3e/lib/arm/v6/nofpu/soft\libs3e_cpp_d.a(delete.obj)
                              c:/marmalade/7.3/s3e/lib/arm/v6/nofpu/soft\libs3e_cpp_d.a(iostream.obj) (operator delete(void*))
c:/marmalade/7.3/s3e/lib/arm/v6/nofpu/soft\libs3e_cpp_d.a(new.obj)
                              c:/marmalade/7.3/s3e/lib/arm/v6/nofpu/soft\libs3e_cpp_d.a(iostream.obj) (operator new(unsigned int))
c:/marmalade/7.3/s3e/lib/arm/v6/nofpu/soft\libs3e_cpp_d.a(c_locale_stub.obj)
                              c:/marmalade/7.3/s3e/lib/arm/v6/nofpu/soft\libs3e_cpp_d.a(time_facets.obj) (_Locale_full_monthname)
c:/marmalade/7.3/s3e/lib/arm/v6/nofpu/soft\libs3e_cpp_d.a(codecvt.obj)
                              c:/marmalade/7.3/s3e/lib/arm/v6/nofpu/soft\libs3e_cpp_d.a(locale_impl.obj) (vtable for _STL::codecvt<char, char, int>)
c:/marmalade/7.3/s3e/lib/arm/v6/nofpu/soft\libs3e_cpp_d.a(collate.obj)
                              c:/marmalade/7.3/s3e/lib/arm/v6/nofpu/soft\libs3e_cpp_d.a(locale_impl.obj) (vtable for _STL::collate<char>)
c:/marmalade/7.3/s3e/lib/arm/v6/nofpu/soft\libs3e_cpp_d.a(ctype.obj)
                              c:/marmalade/7.3/s3e/lib/arm/v6/nofpu/soft\libs3e_cpp_d.a(locale_impl.obj) (_STL::ctype<char>::ctype(_STL::ctype_base::mask const*, bool, unsigned int))
c:/marmalade/7.3/s3e/lib/arm/v6/nofpu/soft\libs3e_cpp_d.a(dll_main.obj)
                              c:/marmalade/7.3/s3e/lib/arm/v6/nofpu/soft\libs3e_cpp_d.a(iostream.obj) (_STL::__stl_throw_length_error(char const*))
c:/marmalade/7.3/s3e/lib/arm/v6/nofpu/soft\libs3e_cpp_d.a(fstream.obj)
                              c:/marmalade/7.3/s3e/lib/arm/v6/nofpu/soft\libs3e_cpp_d.a(stdio_streambuf.obj) (_SgI::__file_size(int))
c:/marmalade/7.3/s3e/lib/arm/v6/nofpu/soft\libs3e_cpp_d.a(ios.obj)
[...]
Memory Configuration

Name             Origin             Length             Attributes
*default*        0x00000000         0xffffffff

Linker script and memory map

LOAD c:/marmalade/7.3/s3e/gcc/win32/bin/../lib/gcc/arm-none-eabi/4.8.3/armv6/crti.o
LOAD c:/marmalade/7.3/s3e/gcc/win32/bin/../lib/gcc/arm-none-eabi/4.8.3/armv6/crtbegin.o
LOAD c:/marmalade/7.3/s3e/gcc/win32/bin/../lib/gcc/arm-none-eabi/4.8.3/../../../../arm-none-eabi/lib/armv6/crt0.o
LOAD Debug_OneTap_vc12x_gcc_arm/MainMenu.obj
LOAD Debug_OneTap_vc12x_gcc_arm/OneTap.obj
                0x4a000000                . = 0x4a000000

.s3e_startup    0x4a000000       0x94
 *(.s3e_startup)
 .s3e_startup   0x4a000000       0x94 c:/marmalade/7.3/s3e/lib/arm/v6/nofpu/soft\libs3e_d.a(iwcrt_gcc.o)
                0x4a000000                _IwMain

.init           0x4a000094       0x18
 *(.init)
 .init          0x4a000094        0xc c:/marmalade/7.3/s3e/gcc/win32/bin/../lib/gcc/arm-none-eabi/4.8.3/armv6/crti.o
                0x4a000094                _init
 .init          0x4a0000a0        0xc c:/marmalade/7.3/s3e/gcc/win32/bin/../lib/gcc/arm-none-eabi/4.8.3/armv6/crtn.o

.plt            0x4a0000ac      0x23c
 *(.plt)
 .plt           0x4a0000ac      0x23c c:/marmalade/7.3/s3e/gcc/win32/bin/../lib/gcc/arm-none-eabi/4.8.3/armv6/crti.o

.text           0x4a0002e8    0x3e418
 *(.text .stub .text.* .gnu.linkonce.t.*)
 .text          0x4a0002e8       0xd8 c:/marmalade/7.3/s3e/gcc/win32/bin/../lib/gcc/arm-none-eabi/4.8.3/armv6/crtbegin.o
 .text._Z41__static_initialization_and_destruction_0ii
                0x4a0003c0       0xd4 Debug_OneTap_vc12x_gcc_arm/MainMenu.obj
 .text._GLOBAL__sub_I_MainMenu.cpp
                0x4a000494       0x18 Debug_OneTap_vc12x_gcc_arm/MainMenu.obj
 .text.main     0x4a0004ac       0x78 Debug_OneTap_vc12x_gcc_arm/OneTap.obj
                0x4a0004ac                main
 .text._ZN4_STL15basic_streambufIcNS_11char_traitsIcEEE5imbueERKNS_6localeE
                0x4a000524        0x4 c:/marmalade/7.3/s3e/lib/arm/v6/nofpu/soft\libs3e_cpp_d.a(iostream.obj)
                0x4a000524                _STL::basic_streambuf<char, _STL::char_traits<char> >::imbue(_STL::locale const&)
 .text._ZN4_STL15basic_streambufIwNS_11char_traitsIwEEE5imbueERKNS_6localeE
                0x4a000528        0x4 c:/marmalade/7.3/s3e/lib/arm/v6/nofpu/soft\libs3e_cpp_d.a(iostream.obj)
                0x4a000528                _STL::basic_streambuf<wchar_t, _STL::char_traits<wchar_t> >::imbue(_STL::locale const&)
 .text._ZN4_STL15basic_streambufIwNS_11char_traitsIwEEE10_M_xsputncEwi
                0x4a00052c      0x14c c:/marmalade/7.3/s3e/lib/arm/v6/nofpu/soft\libs3e_cpp_d.a(iostream.obj)
                0x4a00052c                _STL::basic_streambuf<wchar_t, _STL::char_traits<wchar_t> >::_M_xsputnc(wchar_t, int)
 .text._ZN4_STL15basic_streambufIwNS_11char_traitsIwEEE6setbufEPwi
                0x4a000678        0x4 c:/marmalade/7.3/s3e/lib/arm/v6/nofpu/soft\libs3e_cpp_d.a(iostream.obj)
                0x4a000678                _STL::basic_streambuf<wchar_t, _STL::char_traits<wchar_t> >::setbuf(wchar_t*, int)
 .text._ZN4_STL15basic_streambufIwNS_11char_traitsIwEEE7seekoffElii
                0x4a00067c       0x10 c:/marmalade/7.3/s3e/lib/arm/v6/nofpu/soft\libs3e_cpp_d.a(iostream.obj)
                0x4a00067c                _STL::basic_streambuf<wchar_t, _STL::char_traits<wchar_t> >::seekoff(long, int, int)
 .text._ZN4_STL15basic_streambufIwNS_11char_traitsIwEEE7seekposENS_4fposIiEEi
                0x4a00068c       0x28 c:/marmalade/7.3/s3e/lib/arm/v6/nofpu/soft\libs3e_cpp_d.a(iostream.obj)
                0x4a00068c                _STL::basic_streambuf<wchar_t, _STL::char_traits<wchar_t> >::seekpos(_STL::fpos<int>, int)
 .text._ZN4_STL15basic_streambufIwNS_11char_traitsIwEEE4syncEv
                0x4a0006b4        0x8 c:/marmalade/7.3/s3e/lib/arm/v6/nofpu/soft\libs3e_cpp_d.a(iostream.obj)
                0x4a0006b4                _STL::basic_streambuf<wchar_t, _STL::char_traits<wchar_t> >::sync()
 .text._ZN4_STL15basic_streambufIwNS_11char_traitsIwEEE9showmanycEv
                0x4a0006bc        0x8 c:/marmalade/7.3/s3e/lib/arm/v6/nofpu/soft\libs3e_cpp_d.a(iostream.obj)
                0x4a0006bc                _STL::basic_streambuf<wchar_t, _STL::char_traits<wchar_t> >::showmanyc()
 .text._ZN4_STL15basic_streambufIwNS_11char_traitsIwEEE9underflowEv
                0x4a0006c4        0x8 c:/marmalade/7.3/s3e/lib/arm/v6/nofpu/soft\libs3e_cpp_d.a(iostream.obj)
                0x4a0006c4                _STL::basic_streambuf<wchar_t, _STL::char_traits<wchar_t> >::underflow()
 .text._ZN4_STL15basic_streambufIwNS_11char_traitsIwEEE9pbackfailEj
                0x4a0006cc        0x8 c:/marmalade/7.3/s3e/lib/arm/v6/nofpu/soft\libs3e_cpp_d.a(iostream.obj)
                0x4a0006cc                _STL::basic_streambuf<wchar_t, _STL::char_traits<wchar_t> >::pbackfail(unsigned int)
 .text._ZN4_STL15basic_streambufIwNS_11char_traitsIwEEE8overflowEj
                0x4a0006d4        0x8 c:/marmalade/7.3/s3e/lib/arm/v6/nofpu/soft\libs3e_cpp_d.a(iostream.obj)
                0x4a0006d4                _STL::basic_streambuf<wchar_t, _STL::char_traits<wchar_t> >::overflow(unsigned int)
 .text._ZN4_STL15basic_streambufIcNS_11char_traitsIcEEE5uflowEv
                0x4a0006dc       0x2c c:/marmalade/7.3/s3e/lib/arm/v6/nofpu/soft\libs3e_cpp_d.a(iostream.obj)
                0x4a0006dc                _STL::basic_streambuf<char, _STL::char_traits<char> >::uflow()
 .text._ZN4_STL13basic_filebufIcNS_11char_traitsIcEEE9pbackfailEi
                0x4a000708      0x104 c:/marmalade/7.3/s3e/lib/arm/v6/nofpu/soft\libs3e_cpp_d.a(iostream.obj)
                0x4a000708                _STL::basic_filebuf<char, _STL::char_traits<char> >::pbackfail(int)
 .text._ZN4_STL15basic_streambufIcNS_11char_traitsIcEEE6setbufEPci
                0x4a00080c        0x4 c:/marmalade/7.3/s3e/lib/arm/v6/nofpu/soft\libs3e_cpp_d.a(iostream.obj)
                0x4a00080c                _STL::basic_streambuf<char, _STL::char_traits<char> >::setbuf(char*, int)
 .text._ZN4_STL15basic_streambufIcNS_11char_traitsIcEEE7seekoffElii
                0x4a000810       0x10 c:/marmalade/7.3/s3e/lib/arm/v6/nofpu/soft\libs3e_cpp_d.a(iostream.obj)
                0x4a000810                _STL::basic_streambuf<char, _STL::char_traits<char> >::seekoff(long, int, int)
 .text._ZN4_STL15basic_streambufIcNS_11char_traitsIcEEE7seekposENS_4fposIiEEi
                0x4a000820       0x28 c:/marmalade/7.3/s3e/lib/arm/v6/nofpu/soft\libs3e_cpp_d.a(iostream.obj)
                0x4a000820                _STL::basic_streambuf<char, _STL::char_traits<char> >::seekpos(_STL::fpos<int>, int)
 .text._ZN4_STL15basic_streambufIcNS_11char_traitsIcEEE4syncEv
                0x4a000848        0x8 c:/marmalade/7.3/s3e/lib/arm/v6/nofpu/soft\libs3e_cpp_d.a(iostream.obj)
                0x4a000848                _STL::basic_streambuf<char, _STL::char_traits<char> >::sync()
 .text._ZN4_STL15basic_streambufIcNS_11char_traitsIcEEE9showmanycEv
                0x4a000850        0x8 c:/marmalade/7.3/s3e/lib/arm/v6/nofpu/soft\libs3e_cpp_d.a(iostream.obj)
                0x4a000850                _STL::basic_streambuf<char, _STL::char_traits<char> >::showmanyc()
 .text._ZN4_STL15basic_streambufIcNS_11char_traitsIcEEE9underflowEv
                0x4a000858        0x8 c:/marmalade/7.3/s3e/lib/arm/v6/nofpu/soft\libs3e_cpp_d.a(iostream.obj)
                0x4a000858                _STL::basic_streambuf<char, _STL::char_traits<char> >::underflow()
 .text._ZN4_STL15basic_streambufIcNS_11char_traitsIcEEE9pbackfailEi
                0x4a000860        0x8 c:/marmalade/7.3/s3e/lib/arm/v6/nofpu/soft\libs3e_cpp_d.a(iostream.obj)
                0x4a000860                _STL::basic_streambuf<char, _STL::char_traits<char> >::pbackfail(int)
 .text._ZN4_STL15basic_streambufIcNS_11char_traitsIcEEE8overflowEi
                0x4a000868        0x8 c:/marmalade/7.3/s3e/lib/arm/v6/nofpu/soft\libs3e_cpp_d.a(iostream.obj)
                0x4a000868                _STL::basic_streambuf<char, _STL::char_traits<char> >::overflow(int)
 .text._ZN4_STL15basic_streambufIcNS_11char_traitsIcEEED2Ev
                0x4a000870       0x28 c:/marmalade/7.3/s3e/lib/arm/v6/nofpu/soft\libs3e_cpp_d.a(iostream.obj)
                0x4a000870                _STL::basic_streambuf<char, _STL::char_traits<char> >::~basic_streambuf()
                0x4a000870                _STL::basic_streambuf<char, _STL::char_traits<char> >::~basic_streambuf()
 .text._ZN4_STL15basic_streambufIcNS_11char_traitsIcEEED0Ev
                0x4a000898       0x30 c:/marmalade/7.3/s3e/lib/arm/v6/nofpu/soft\libs3e_cpp_d.a(iostream.obj)
                0x4a000898                _STL::basic_streambuf<char, _STL::char_traits<char> >::~basic_streambuf()
 .text._ZN4_STL15basic_streambufIwNS_11char_traitsIwEEED2Ev
                0x4a0008c8       0x28 c:/marmalade/7.3/s3e/lib/arm/v6/nofpu/soft\libs3e_cpp_d.a(iostream.obj)
                0x4a0008c8                _STL::basic_streambuf<wchar_t, _STL::char_traits<wchar_t> >::~basic_streambuf()
                0x4a0008c8                _STL::basic_streambuf<wchar_t, _STL::char_traits<wchar_t> >::~basic_streambuf()
 .text._ZN4_STL15basic_streambufIwNS_11char_traitsIwEEED0Ev
                0x4a0008f0       0x30 c:/marmalade/7.3/s3e/lib/arm/v6/nofpu/soft\libs3e_cpp_d.a(iostream.obj)
                0x4a0008f0                _STL::basic_streambuf<wchar_t, _STL::char_traits<wchar_t> >::~basic_streambuf()
 .text._ZN4_STL9basic_iosIcNS_11char_traitsIcEEED2Ev
                0x4a000920       0x28 c:/marmalade/7.3/s3e/lib/arm/v6/nofpu/soft\libs3e_cpp_d.a(iostream.obj)
                0x4a000920                _STL::basic_ios<char, _STL::char_traits<char> >::~basic_ios()
                0x4a000920                _STL::basic_ios<char, _STL::char_traits<char> >::~basic_ios()
 .text._ZN4_STL9basic_iosIcNS_11char_traitsIcEEED0Ev
                0x4a000948       0x30 c:/marmalade/7.3/s3e/lib/arm/v6/nofpu/soft\libs3e_cpp_d.a(iostream.obj)
                0x4a000948                _STL::basic_ios<char, _STL::char_traits<char> >::~basic_ios()
 .text._ZN4_STL13basic_istreamIcNS_11char_traitsIcEEED1Ev
                0x4a000978       0x4c c:/marmalade/7.3/s3e/lib/arm/v6/nofpu/soft\libs3e_cpp_d.a(iostream.obj)
                0x4a000978                _STL::basic_istream<char, _STL::char_traits<char> >::~basic_istream()
                0x4a0009b4                virtual thunk to _STL::basic_istream<char, _STL::char_traits<char> >::~basic_istream()
 .text._ZN4_STL13basic_istreamIcNS_11char_traitsIcEEED0Ev
                0x4a0009c4       0x54 c:/marmalade/7.3/s3e/lib/arm/v6/nofpu/soft\libs3e_cpp_d.a(iostream.obj)
                0x4a0009c4                _STL::basic_istream<char, _STL::char_traits<char> >::~basic_istream()
                0x4a000a08                virtual thunk to _STL::basic_istream<char, _STL::char_traits<char> >::~basic_istream()
 .text._ZN4_STL13basic_ostreamIcNS_11char_traitsIcEEED1Ev
                0x4a000a18       0x4c c:/marmalade/7.3/s3e/lib/arm/v6/nofpu/soft\libs3e_cpp_d.a(iostream.obj)
                0x4a000a18                _STL::basic_ostream<char, _STL::char_traits<char> >::~basic_ostream()
                0x4a000a54                virtual thunk to _STL::basic_ostream<char, _STL::char_traits<char> >::~basic_ostream()
 .text._ZN4_STL13basic_ostreamIcNS_11char_traitsIcEEED0Ev
                0x4a000a64       0x54 c:/marmalade/7.3/s3e/lib/arm/v6/nofpu/soft\libs3e_cpp_d.a(iostream.obj)
                0x4a000a64                _STL::basic_ostream<char, _STL::char_traits<char> >::~basic_ostream()
                0x4a000aa8                virtual thunk to _STL::basic_ostream<char, _STL::char_traits<char> >::~basic_ostream()
 .text._ZN4_STL9basic_iosIwNS_11char_traitsIwEEED2Ev
                0x4a000ab8       0x28 c:/marmalade/7.3/s3e/lib/arm/v6/nofpu/soft\libs3e_cpp_d.a(iostream.obj)
                0x4a000ab8                _STL::basic_ios<wchar_t, _STL::char_traits<wchar_t> >::~basic_ios()
                0x4a000ab8                _STL::basic_ios<wchar_t, _STL::char_traits<wchar_t> >::~basic_ios()
 .text._ZN4_STL9basic_iosIwNS_11char_traitsIwEEED0Ev
                0x4a000ae0       0x30 c:/marmalade/7.3/s3e/lib/arm/v6/nofpu/soft\libs3e_cpp_d.a(iostream.obj)
                0x4a000ae0                _STL::basic_ios<wchar_t, _STL::char_traits<wchar_t> >::~basic_ios()
 .text._ZN4_STL13basic_istreamIwNS_11char_traitsIwEEED1Ev
                0x4a000b10       0x4c c:/marmalade/7.3/s3e/lib/arm/v6/nofpu/soft\libs3e_cpp_d.a(iostream.obj)
                0x4a000b10                _STL::basic_istream<wchar_t, _STL::char_traits<wchar_t> >::~basic_istream()
                0x4a000b4c                virtual thunk to _STL::basic_istream<wchar_t, _STL::char_traits<wchar_t> >::~basic_istream()
 .text._ZN4_STL13basic_istreamIwNS_11char_traitsIwEEED0Ev
                0x4a000b5c       0x54 c:/marmalade/7.3/s3e/lib/arm/v6/nofpu/soft\libs3e_cpp_d.a(iostream.obj)
                0x4a000b5c                _STL::basic_istream<wchar_t, _STL::char_traits<wchar_t> >::~basic_istream()
                0x4a000ba0                virtual thunk to _STL::basic_istream<wchar_t, _STL::char_traits<wchar_t> >::~basic_istream()
 .text._ZN4_STL13basic_ostreamIwNS_11char_traitsIwEEED1Ev
                0x4a000bb0       0x4c c:/marmalade/7.3/s3e/lib/arm/v6/nofpu/soft\libs3e_cpp_d.a(iostream.obj)
                0x4a000bb0                _STL::basic_ostream<wchar_t, _STL::char_traits<wchar_t> >::~basic_ostream()
                0x4a000bec                virtual thunk to _STL::basic_ostream<wchar_t, _STL::char_traits<wchar_t> >::~basic_ostream()
 .text._ZN4_STL13basic_ostreamIwNS_11char_traitsIwEEED0Ev
                0x4a000bfc       0x54 c:/marmalade/7.3/s3e/lib/arm/v6/nofpu/soft\libs3e_cpp_d.a(iostream.obj)
                0x4a000bfc                _STL::basic_ostream<wchar_t, _STL::char_traits<wchar_t> >::~basic_ostream()
                0x4a000c40                virtual thunk to _STL::basic_ostream<wchar_t, _STL::char_traits<wchar_t> >::~basic_ostream()
 .text._ZN4_STL15basic_streambufIcNS_11char_traitsIcEEE6xsputnEPKci
                0x4a000c50       0xa8 c:/marmalade/7.3/s3e/lib/arm/v6/nofpu/soft\libs3e_cpp_d.a(iostream.obj)
                0x4a000c50                _STL::basic_streambuf<char, _STL::char_traits<char> >::xsputn(char const*, int)
 .text._ZN4_STL15basic_streambufIcNS_11char_traitsIcEEE6xsgetnEPci
                0x4a000cf8       0xa0 c:/marmalade/7.3/s3e/lib/arm/v6/nofpu/soft\libs3e_cpp_d.a(iostream.obj)
                0x4a000cf8                _STL::basic_streambuf<char, _STL::char_traits<char> >::xsgetn(char*, int)
 .text._ZN4_STL13basic_filebufIcNS_11char_traitsIcEEE9underflowEv
                0x4a000d98        0x4 c:/marmalade/7.3/s3e/lib/arm/v6/nofpu/soft\libs3e_cpp_d.a(iostream.obj)
                0x4a000d98                _STL::basic_filebuf<char, _STL::char_traits<char> >::underflow()
 .text._ZN4_STL15basic_streambufIcNS_11char_traitsIcEEE10_M_xsputncEci
                0x4a000d9c       0x94 c:/marmalade/7.3/s3e/lib/arm/v6/nofpu/soft\libs3e_cpp_d.a(iostream.obj)
                0x4a000d9c                _STL::basic_streambuf<char, _STL::char_traits<char> >::_M_xsputnc(char, int)
 .text._ZN4_STL13_Filebuf_base13_M_get_offsetEPcS1_.isra.18.part.19
                0x4a000e30       0x38 c:/marmalade/7.3/s3e/lib/arm/v6/nofpu/soft\libs3e_cpp_d.a(iostream.obj)
 .text._ZN4_STL13basic_filebufIcNS_11char_traitsIcEEE4syncEv
                0x4a000e68       0x3c c:/marmalade/7.3/s3e/lib/arm/v6/nofpu/soft\libs3e_cpp_d.a(iostream.obj)
                0x4a000e68                _STL::basic_filebuf<char, _STL::char_traits<char> >::sync()
 .text._ZN4_STL13basic_filebufIwNS_11char_traitsIwEEE4syncEv
                0x4a000ea4       0x3c c:/marmalade/7.3/s3e/lib/arm/v6/nofpu/soft\libs3e_cpp_d.a(iostream.obj)
                0x4a000ea4                _STL::basic_filebuf<wchar_t, _STL::char_traits<wchar_t> >::sync()
 .text._ZN4_STL13basic_filebufIwNS_11char_traitsIwEEE9showmanycEv
                0x4a000ee0       0x98 c:/marmalade/7.3/s3e/lib/arm/v6/nofpu/soft\libs3e_cpp_d.a(iostream.obj)
                0x4a000ee0                _STL::basic_filebuf<wchar_t, _STL::char_traits<wchar_t> >::showmanyc()
 .text._ZN4_STL15basic_streambufIwNS_11char_traitsIwEEE6xsgetnEPwi
                0x4a000f78       0xa8 c:/marmalade/7.3/s3e/lib/arm/v6/nofpu/soft\libs3e_cpp_d.a(iostream.obj)
                0x4a000f78                _STL::basic_streambuf<wchar_t, _STL::char_traits<wchar_t> >::xsgetn(wchar_t*, int)
 .text._ZN4_STL15basic_streambufIwNS_11char_traitsIwEEE5uflowEv
                0x4a001020       0x2c c:/marmalade/7.3/s3e/lib/arm/v6/nofpu/soft\libs3e_cpp_d.a(iostream.obj)
                0x4a001020                _STL::basic_streambuf<wchar_t, _STL::char_traits<wchar_t> >::uflow()
 .text._ZN4_STL13basic_filebufIwNS_11char_traitsIwEEE9pbackfailEj
                0x4a00104c      0x104 c:/marmalade/7.3/s3e/lib/arm/v6/nofpu/soft\libs3e_cpp_d.a(iostream.obj)
                0x4a00104c                _STL::basic_filebuf<wchar_t, _STL::char_traits<wchar_t> >::pbackfail(unsigned int)
 .text._ZN4_STL13basic_filebufIcNS_11char_traitsIcEEE9showmanycEv
                0x4a001150       0x94 c:/marmalade/7.3/s3e/lib/arm/v6/nofpu/soft\libs3e_cpp_d.a(iostream.obj)
                0x4a001150                _STL::basic_filebuf<char, _STL::char_traits<char> >::showmanyc()
 .text._ZN4_STL15basic_streambufIwNS_11char_traitsIwEEE6xsputnEPKwi
                0x4a0011e4       0xb0 c:/marmalade/7.3/s3e/lib/arm/v6/nofpu/soft\libs3e_cpp_d.a(iostream.obj)
                0x4a0011e4                _STL::basic_streambuf<wchar_t, _STL::char_traits<wchar_t> >::xsputn(wchar_t const*, int)
 .text._ZN4_STL13basic_filebufIwNS_11char_traitsIwEEE7seekposENS_4fposIiEEi
                0x4a001294      0x218 c:/marmalade/7.3/s3e/lib/arm/v6/nofpu/soft\libs3e_cpp_d.a(iostream.obj)
                0x4a001294                _STL::basic_filebuf<wchar_t, _STL::char_traits<wchar_t> >::seekpos(_STL::fpos<int>, int)
 .text._ZN4_STL13basic_filebufIcNS_11char_traitsIcEEE5imbueERKNS_6localeE
                0x4a0014ac       0xa4 c:/marmalade/7.3/s3e/lib/arm/v6/nofpu/soft\libs3e_cpp_d.a(iostream.obj)
                0x4a0014ac                _STL::basic_filebuf<char, _STL::char_traits<char> >::imbue(_STL::locale const&)
 .text._ZN4_STL13basic_filebufIwNS_11char_traitsIwEEE5imbueERKNS_6localeE
                0x4a001550       0xa4 c:/marmalade/7.3/s3e/lib/arm/v6/nofpu/soft\libs3e_cpp_d.a(iostream.obj)
                0x4a001550                _STL::basic_filebuf<wchar_t, _STL::char_traits<wchar_t> >::imbue(_STL::locale const&)
 .text._ZN4_STL13basic_filebufIcNS_11char_traitsIcEEE7seekposENS_4fposIiEEi
                0x4a0015f4      0x218 c:/marmalade/7.3/s3e/lib/arm/v6/nofpu/soft\libs3e_cpp_d.a(iostream.obj)
                0x4a0015f4                _STL::basic_filebuf<char, _STL::char_traits<char> >::seekpos(_STL::fpos<int>, int)
 .text._ZN4_STL19_Stl_create_filebufEP8__XXFILEi
                0x4a00180c      0x1a0 c:/marmalade/7.3/s3e/lib/arm/v6/nofpu/soft\libs3e_cpp_d.a(iostream.obj)
                0x4a00180c                _STL::_Stl_create_filebuf(__XXFILE*, int)
 .text._ZN4_STL20_Stl_create_wfilebufEP8__XXFILEi
                0x4a0019ac      0x1a0 c:/marmalade/7.3/s3e/lib/arm/v6/nofpu/soft\libs3e_cpp_d.a(iostream.obj)
                0x4a0019ac                _STL::_Stl_create_wfilebuf(__XXFILE*, int)
 .text._ZN4_STL8ios_base15_S_uninitializeEv
                0x4a001b4c      0x55c c:/marmalade/7.3/s3e/lib/arm/v6/nofpu/soft\libs3e_cpp_d.a(iostream.obj)
                0x4a001b4c                _STL::ios_base::_S_uninitialize()
 .text._ZN4_STL8ios_base4InitD2Ev
                0x4a0020a8       0x14 c:/marmalade/7.3/s3e/lib/arm/v6/nofpu/soft\libs3e_cpp_d.a(iostream.obj)
                0x4a0020a8                _STL::ios_base::Init::~Init()
                0x4a0020a8                _STL::ios_base::Init::~Init()
 .text._ZN4_STL9basic_iosIcNS_11char_traitsIcEEE5imbueERKNS_6localeE
                0x4a0020bc      0x2d8 c:/marmalade/7.3/s3e/lib/arm/v6/nofpu/soft\libs3e_cpp_d.a(iostream.obj)
                0x4a0020bc                _STL::basic_ios<char, _STL::char_traits<char> >::imbue(_STL::locale const&)
 .text._ZN4_STL9basic_iosIwNS_11char_traitsIwEEE5imbueERKNS_6localeE
                0x4a002394      0x2d8 c:/marmalade/7.3/s3e/lib/arm/v6/nofpu/soft\libs3e_cpp_d.a(iostream.obj)
                0x4a002394                _STL::basic_ios<wchar_t, _STL::char_traits<wchar_t> >::imbue(_STL::locale const&)
 .text._ZN4_STL8ios_base13_S_initializeEv
                0x4a00266c      0xfd4 c:/marmalade/7.3/s3e/lib/arm/v6/nofpu/soft\libs3e_cpp_d.a(iostream.obj)
                0x4a00266c                _STL::ios_base::_S_initialize()
 .text._ZN4_STL8ios_base4InitC2Ev
                0x4a003640       0x14 c:/marmalade/7.3/s3e/lib/arm/v6/nofpu/soft\libs3e_cpp_d.a(iostream.obj)
                0x4a003640                _STL::ios_base::Init::Init()
                0x4a003640                _STL::ios_base::Init::Init()
 .text._ZN4_STL13basic_filebufIcNS_11char_traitsIcEEE19_M_allocate_buffersEv
                0x4a003654       0xf4 c:/marmalade/7.3/s3e/lib/arm/v6/nofpu/soft\libs3e_cpp_d.a(iostream.obj)
                0x4a003654                _STL::basic_filebuf<char, _STL::char_traits<char> >::_M_allocate_buffers()
 .text._ZN4_STL13basic_filebufIcNS_11char_traitsIcEEE8overflowEi
                0x4a003748      0x240 c:/marmalade/7.3/s3e/lib/arm/v6/nofpu/soft\libs3e_cpp_d.a(iostream.obj)
                0x4a003748                _STL::basic_filebuf<char, _STL::char_traits<char> >::overflow(int)
 .text._ZN4_STL13basic_filebufIcNS_11char_traitsIcEEED2Ev
                0x4a003988      0x1cc c:/marmalade/7.3/s3e/lib/arm/v6/nofpu/soft\libs3e_cpp_d.a(iostream.obj)
                0x4a003988                _STL::basic_filebuf<char, _STL::char_traits<char> >::~basic_filebuf()
                0x4a003988                _STL::basic_filebuf<char, _STL::char_traits<char> >::~basic_filebuf()
 .text._ZN4_STL13basic_filebufIcNS_11char_traitsIcEEED0Ev
                0x4a003b54       0x1c c:/marmalade/7.3/s3e/lib/arm/v6/nofpu/soft\libs3e_cpp_d.a(iostream.obj)
                0x4a003b54                _STL::basic_filebuf<char, _STL::char_traits<char> >::~basic_filebuf()
 .text._ZN4_STL13basic_filebufIwNS_11char_traitsIwEEE19_M_allocate_buffersEv
                0x4a003b70       0xf8 c:/marmalade/7.3/s3e/lib/arm/v6/nofpu/soft\libs3e_cpp_d.a(iostream.obj)
                0x4a003b70                _STL::basic_filebuf<wchar_t, _STL::char_traits<wchar_t> >::_M_allocate_buffers()
 .text._ZN4_STL13basic_filebufIwNS_11char_traitsIwEEE8overflowEj
                0x4a003c68      0x1f8 c:/marmalade/7.3/s3e/lib/arm/v6/nofpu/soft\libs3e_cpp_d.a(iostream.obj)
                0x4a003c68                _STL::basic_filebuf<wchar_t, _STL::char_traits<wchar_t> >::overflow(unsigned int)
 .text._ZN4_STL13basic_filebufIwNS_11char_traitsIwEEED2Ev
                0x4a003e60      0x1cc c:/marmalade/7.3/s3e/lib/arm/v6/nofpu/soft\libs3e_cpp_d.a(iostream.obj)
                0x4a003e60                _STL::basic_filebuf<wchar_t, _STL::char_traits<wchar_t> >::~basic_filebuf()
                0x4a003e60                _STL::basic_filebuf<wchar_t, _STL::char_traits<wchar_t> >::~basic_filebuf()
 .text._ZN4_STL13basic_filebufIwNS_11char_traitsIwEEED0Ev
                0x4a00402c       0x1c c:/marmalade/7.3/s3e/lib/arm/v6/nofpu/soft\libs3e_cpp_d.a(iostream.obj)
                0x4a00402c                _STL::basic_filebuf<wchar_t, _STL::char_traits<wchar_t> >::~basic_filebuf()
 .text._ZN4_STL13basic_filebufIwNS_11char_traitsIwEEE9underflowEv
                0x4a004048      0x258 c:/marmalade/7.3/s3e/lib/arm/v6/nofpu/soft\libs3e_cpp_d.a(iostream.obj)
                0x4a004048                _STL::basic_filebuf<wchar_t, _STL::char_traits<wchar_t> >::underflow()
 .text._ZN4_STL13basic_filebufIcNS_11char_traitsIcEEE19_M_allocate_buffersEPci
                0x4a0042a0       0xe4 c:/marmalade/7.3/s3e/lib/arm/v6/nofpu/soft\libs3e_cpp_d.a(iostream.obj)
                0x4a0042a0                _STL::basic_filebuf<char, _STL::char_traits<char> >::_M_allocate_buffers(char*, int)
 .text._ZN4_STL13basic_filebufIcNS_11char_traitsIcEEE6setbufEPci
                0x4a004384       0x68 c:/marmalade/7.3/s3e/lib/arm/v6/nofpu/soft\libs3e_cpp_d.a(iostream.obj)
                0x4a004384                _STL::basic_filebuf<char, _STL::char_traits<char> >::setbuf(char*, int)
 .text._ZN4_STL13basic_filebufIwNS_11char_traitsIwEEE19_M_allocate_buffersEPwi
                0x4a0043ec       0xe4 c:/marmalade/7.3/s3e/lib/arm/v6/nofpu/soft\libs3e_cpp_d.a(iostream.obj)
                0x4a0043ec                _STL::basic_filebuf<wchar_t, _STL::char_traits<wchar_t> >::_M_allocate_buffers(wchar_t*, int)
 .text._ZN4_STL13basic_filebufIwNS_11char_traitsIwEEE6setbufEPwi
                0x4a0044d0       0x68 c:/marmalade/7.3/s3e/lib/arm/v6/nofpu/soft\libs3e_cpp_d.a(iostream.obj)
                0x4a0044d0                _STL::basic_filebuf<wchar_t, _STL::char_traits<wchar_t> >::setbuf(wchar_t*, int)
 .text._ZN4_STL13basic_filebufIwNS_11char_traitsIwEEE14_M_seek_returnEli
                0x4a004538       0x94 c:/marmalade/7.3/s3e/lib/arm/v6/nofpu/soft\libs3e_cpp_d.a(iostream.obj)
                0x4a004538                _STL::basic_filebuf<wchar_t, _STL::char_traits<wchar_t> >::_M_seek_return(long, int)
 .text._ZN4_STL13basic_filebufIwNS_11char_traitsIwEEE7seekoffElii
                0x4a0045cc      0x508 c:/marmalade/7.3/s3e/lib/arm/v6/nofpu/soft\libs3e_cpp_d.a(iostream.obj)
                0x4a0045cc                _STL::basic_filebuf<wchar_t, _STL::char_traits<wchar_t> >::seekoff(long, int, int)
 .text._ZN4_STL13basic_filebufIcNS_11char_traitsIcEEE14_M_seek_returnEli
                0x4a004ad4       0x94 c:/marmalade/7.3/s3e/lib/arm/v6/nofpu/soft\libs3e_cpp_d.a(iostream.obj)
                0x4a004ad4                _STL::basic_filebuf<char, _STL::char_traits<char> >::_M_seek_return(long, int)
 .text._ZN4_STL13basic_filebufIcNS_11char_traitsIcEEE7seekoffElii
                0x4a004b68      0x4f0 c:/marmalade/7.3/s3e/lib/arm/v6/nofpu/soft\libs3e_cpp_d.a(iostream.obj)
                0x4a004b68                _STL::basic_filebuf<char, _STL::char_traits<char> >::seekoff(long, int, int)
 .text._ZN4_STL12_Locale_impl4incrEv
                0x4a005058        0x4 c:/marmalade/7.3/s3e/lib/arm/v6/nofpu/soft\libs3e_cpp_d.a(locale_impl.obj)
                0x4a005058                _STL::_Locale_impl::incr()
 .text._ZN4_STL12_Locale_impl4decrEv
                0x4a00505c        0x4 c:/marmalade/7.3/s3e/lib/arm/v6/nofpu/soft\libs3e_cpp_d.a(locale_impl.obj)
                0x4a00505c                _STL::_Locale_impl::decr()
 .text._ZN4_STL6locale5facetD2Ev
                0x4a005060       0x18 c:/marmalade/7.3/s3e/lib/arm/v6/nofpu/soft\libs3e_cpp_d.a(locale_impl.obj)
                0x4a005060                _STL::locale::facet::~facet()
                0x4a005060                _STL::locale::facet::~facet()
 .text._ZNK4_STL8time_getIwNS_19istreambuf_iteratorIwNS_11char_traitsIwEEEEE13do_date_orderEv
                0x4a005078        0x8 c:/marmalade/7.3/s3e/lib/arm/v6/nofpu/soft\libs3e_cpp_d.a(locale_impl.obj)
                0x4a005078                _STL::time_get<wchar_t, _STL::istreambuf_iterator<wchar_t, _STL::char_traits<wchar_t> > >::do_date_order() const
 .text._ZN4_STL7num_putIwNS_19ostreambuf_iteratorIwNS_11char_traitsIwEEEEED2Ev
                0x4a005080       0x18 c:/marmalade/7.3/s3e/lib/arm/v6/nofpu/soft\libs3e_cpp_d.a(locale_impl.obj)
                0x4a005080                _STL::num_put<wchar_t, _STL::ostreambuf_iterator<wchar_t, _STL::char_traits<wchar_t> > >::~num_put()
                0x4a005080                _STL::num_put<wchar_t, _STL::ostreambuf_iterator<wchar_t, _STL::char_traits<wchar_t> > >::~num_put()
 .text._ZNK4_STL7num_putIwNS_19ostreambuf_iteratorIwNS_11char_traitsIwEEEEE6do_putES4_RNS_8ios_baseEwPKv
                0x4a005098       0x8c c:/marmalade/7.3/s3e/lib/arm/v6/nofpu/soft\libs3e_cpp_d.a(locale_impl.obj)
                0x4a005098                _STL::num_put<wchar_t, _STL::ostreambuf_iterator<wchar_t, _STL::char_traits<wchar_t> > >::do_put(_STL::ostreambuf_iterator<wchar_t, _STL::char_traits<wchar_t> >, _STL::ios_base&, wchar_t, void const*) const
 .text._ZN4_STL7num_getIwNS_19istreambuf_iteratorIwNS_11char_traitsIwEEEEED2Ev
                0x4a005124       0x18 c:/marmalade/7.3/s3e/lib/arm/v6/nofpu/soft\libs3e_cpp_d.a(locale_impl.obj)
                0x4a005124                _STL::num_get<wchar_t, _STL::istreambuf_iterator<wchar_t, _STL::char_traits<wchar_t> > >::~num_get()
                0x4a005124                _STL::num_get<wchar_t, _STL::istreambuf_iterator<wchar_t, _STL::char_traits<wchar_t> > >::~num_get()
 .text._ZN4_STL9money_putIwNS_19ostreambuf_iteratorIwNS_11char_traitsIwEEEEED2Ev
                0x4a00513c       0x18 c:/marmalade/7.3/s3e/lib/arm/v6/nofpu/soft\libs3e_cpp_d.a(locale_impl.obj)
                0x4a00513c                _STL::money_put<wchar_t, _STL::ostreambuf_iterator<wchar_t, _STL::char_traits<wchar_t> > >::~money_put()
                0x4a00513c                _STL::money_put<wchar_t, _STL::ostreambuf_iterator<wchar_t, _STL::char_traits<wchar_t> > >::~money_put()
 .text._ZN4_STL9money_getIwNS_19istreambuf_iteratorIwNS_11char_traitsIwEEEEED2Ev
                0x4a005154       0x18 c:/marmalade/7.3/s3e/lib/arm/v6/nofpu/soft\libs3e_cpp_d.a(locale_impl.obj)
                0x4a005154                _STL::money_get<wchar_t, _STL::istreambuf_iterator<wchar_t, _STL::char_traits<wchar_t> > >::~money_get()
                0x4a005154                _STL::money_get<wchar_t, _STL::istreambuf_iterator<wchar_t, _STL::char_traits<wchar_t> > >::~money_get()
 .text._ZNK4_STL8time_getIcNS_19istreambuf_iteratorIcNS_11char_traitsIcEEEEE13do_date_orderEv
                0x4a00516c        0x8 c:/marmalade/7.3/s3e/lib/arm/v6/nofpu/soft\libs3e_cpp_d.a(locale_impl.obj)
                0x4a00516c                _STL::time_get<char, _STL::istreambuf_iterator<char, _STL::char_traits<char> > >::do_date_order() const
 .text._ZN4_STL7num_putIcNS_19ostreambuf_iteratorIcNS_11char_traitsIcEEEEED2Ev
                0x4a005174       0x18 c:/marmalade/7.3/s3e/lib/arm/v6/nofpu/soft\libs3e_cpp_d.a(locale_impl.obj)
                0x4a005174                _STL::num_put<char, _STL::ostreambuf_iterator<char, _STL::char_traits<char> > >::~num_put()
                0x4a005174                _STL::num_put<char, _STL::ostreambuf_iterator<char, _STL::char_traits<char> > >::~num_put()
 .text._ZNK4_STL7num_putIcNS_19ostreambuf_iteratorIcNS_11char_traitsIcEEEEE6do_putES4_RNS_8ios_baseEcPKv
                0x4a00518c       0x8c c:/marmalade/7.3/s3e/lib/arm/v6/nofpu/soft\libs3e_cpp_d.a(locale_impl.obj)
                0x4a00518c                _STL::num_put<char, _STL::ostreambuf_iterator<char, _STL::char_traits<char> > >::do_put(_STL::ostreambuf_iterator<char, _STL::char_traits<char> >, _STL::ios_base&, char, void const*) const
 .text._ZN4_STL7num_getIcNS_19istreambuf_iteratorIcNS_11char_traitsIcEEEEED2Ev
                0x4a005218       0x18 c:/marmalade/7.3/s3e/lib/arm/v6/nofpu/soft\libs3e_cpp_d.a(locale_impl.obj)
                0x4a005218                _STL::num_get<char, _STL::istreambuf_iterator<char, _STL::char_traits<char> > >::~num_get()
                0x4a005218                _STL::num_get<char, _STL::istreambuf_iterator<char, _STL::char_traits<char> > >::~num_get()
 .text._ZN4_STL9money_putIcNS_19ostreambuf_iteratorIcNS_11char_traitsIcEEEEED2Ev
                0x4a005230       0x18 c:/marmalade/7.3/s3e/lib/arm/v6/nofpu/soft\libs3e_cpp_d.a(locale_impl.obj)
                0x4a005230                _STL::money_put<char, _STL::ostreambuf_iterator<char, _STL::char_traits<char> > >::~money_put()
                0x4a005230                _STL::money_put<char, _STL::ostreambuf_iterator<char, _STL::char_traits<char> > >::~money_put()
 .text._ZN4_STL9money_getIcNS_19istreambuf_iteratorIcNS_11char_traitsIcEEEEED2Ev
                0x4a005248       0x18 c:/marmalade/7.3/s3e/lib/arm/v6/nofpu/soft\libs3e_cpp_d.a(locale_impl.obj)
                0x4a005248                _STL::money_get<char, _STL::istreambuf_iterator<char, _STL::char_traits<char> > >::~money_get()
                0x4a005248                _STL::money_get<char, _STL::istreambuf_iterator<char, _STL::char_traits<char> > >::~money_get()
 .text._ZN4_STL6locale5facetD0Ev
                0x4a005260       0x28 c:/marmalade/7.3/s3e/lib/arm/v6/nofpu/soft\libs3e_cpp_d.a(locale_impl.obj)
                0x4a005260                _STL::locale::facet::~facet()
 .text._ZN4_STL7num_putIwNS_19ostreambuf_iteratorIwNS_11char_traitsIwEEEEED0Ev
                0x4a005288       0x28 c:/marmalade/7.3/s3e/lib/arm/v6/nofpu/soft\libs3e_cpp_d.a(locale_impl.obj)
                0x4a005288                _STL::num_put<wchar_t, _STL::ostreambuf_iterator<wchar_t, _STL::char_traits<wchar_t> > >::~num_put()
 .text._ZN4_STL7num_getIwNS_19istreambuf_iteratorIwNS_11char_traitsIwEEEEED0Ev
                0x4a0052b0       0x28 c:/marmalade/7.3/s3e/lib/arm/v6/nofpu/soft\libs3e_cpp_d.a(locale_impl.obj)
                0x4a0052b0                _STL::num_get<wchar_t, _STL::istreambuf_iterator<wchar_t, _STL::char_traits<wchar_t> > >::~num_get()
 .text._ZN4_STL9money_putIwNS_19ostreambuf_iteratorIwNS_11char_traitsIwEEEEED0Ev
                0x4a0052d8       0x28 c:/marmalade/7.3/s3e/lib/arm/v6/nofpu/soft\libs3e_cpp_d.a(locale_impl.obj)
                0x4a0052d8                _STL::money_put<wchar_t, _STL::ostreambuf_iterator<wchar_t, _STL::char_traits<wchar_t> > >::~money_put()
 .text._ZN4_STL9money_getIwNS_19istreambuf_iteratorIwNS_11char_traitsIwEEEEED0Ev
                0x4a005300       0x28 c:/marmalade/7.3/s3e/lib/arm/v6/nofpu/soft\libs3e_cpp_d.a(locale_impl.obj)
                0x4a005300                _STL::money_get<wchar_t, _STL::istreambuf_iterator<wchar_t, _STL::char_traits<wchar_t> > >::~money_get()
 .text._ZN4_STL7num_putIcNS_19ostreambuf_iteratorIcNS_11char_traitsIcEEEEED0Ev
                0x4a005328       0x28 c:/marmalade/7.3/s3e/lib/arm/v6/nofpu/soft\libs3e_cpp_d.a(locale_impl.obj)
                0x4a005328                _STL::num_put<char, _STL::ostreambuf_iterator<char, _STL::char_traits<char> > >::~num_put()
 .text._ZN4_STL7num_getIcNS_19istreambuf_iteratorIcNS_11char_traitsIcEEEEED0Ev
                0x4a005350       0x28 c:/marmalade/7.3/s3e/lib/arm/v6/nofpu/soft\libs3e_cpp_d.a(locale_impl.obj)
                0x4a005350                _STL::num_get<char, _STL::istreambuf_iterator<char, _STL::char_traits<char> > >::~num_get()
 .text._ZN4_STL9money_putIcNS_19ostreambuf_iteratorIcNS_11char_traitsIcEEEEED0Ev
                0x4a005378       0x28 c:/marmalade/7.3/s3e/lib/arm/v6/nofpu/soft\libs3e_cpp_d.a(locale_impl.obj)
                0x4a005378                _STL::money_put<char, _STL::ostreambuf_iterator<char, _STL::char_traits<char> > >::~money_put()
 .text._ZN4_STL9money_getIcNS_19istreambuf_iteratorIcNS_11char_traitsIcEEEEED0Ev
                0x4a0053a0       0x28 c:/marmalade/7.3/s3e/lib/arm/v6/nofpu/soft\libs3e_cpp_d.a(locale_impl.obj)
                0x4a0053a0                _STL::money_get<char, _STL::istreambuf_iterator<char, _STL::char_traits<char> > >::~money_get()
 .text._ZN4_STL12basic_stringIcNS_11char_traitsIcEENS_9allocatorIcEEED2Ev
                0x4a0053c8       0x20 c:/marmalade/7.3/s3e/lib/arm/v6/nofpu/soft\libs3e_cpp_d.a(locale_impl.obj)
                0x4a0053c8                _STL::basic_string<char, _STL::char_traits<char>, _STL::allocator<char> >::~basic_string()
                0x4a0053c8                _STL::basic_string<char, _STL::char_traits<char>, _STL::allocator<char> >::~basic_string()
 .text._ZN4_STL12_Locale_implD2Ev
                0x4a0053e8       0x34 c:/marmalade/7.3/s3e/lib/arm/v6/nofpu/soft\libs3e_cpp_d.a(locale_impl.obj)
                0x4a0053e8                _STL::_Locale_impl::~_Locale_impl()
                0x4a0053e8                _STL::_Locale_impl::~_Locale_impl()
 .text._ZN4_STL12_Locale_implD0Ev
                0x4a00541c       0x3c c:/marmalade/7.3/s3e/lib/arm/v6/nofpu/soft\libs3e_cpp_d.a(locale_impl.obj)
                0x4a00541c                _STL::_Locale_impl::~_Locale_impl()
 .text._ZN4_STL8ios_base9_Loc_initD2Ev
                0x4a005458       0x44 c:/marmalade/7.3/s3e/lib/arm/v6/nofpu/soft\libs3e_cpp_d.a(locale_impl.obj)
                0x4a005458                _STL::ios_base::_Loc_init::~_Loc_init()
                0x4a005458                _STL::ios_base::_Loc_init::~_Loc_init()
 .text._ZN4_STL24__write_integer_backwardImEEPcS1_iT_.part.78
                0x4a00549c      0x150 c:/marmalade/7.3/s3e/lib/arm/v6/nofpu/soft\libs3e_cpp_d.a(locale_impl.obj)
 .text._ZNK4_STL19istreambuf_iteratorIwNS_11char_traitsIwEEE7_M_getcEv.part.99
                0x4a0055ec       0x50 c:/marmalade/7.3/s3e/lib/arm/v6/nofpu/soft\libs3e_cpp_d.a(locale_impl.obj)
 .text._ZNK4_STL19istreambuf_iteratorIcNS_11char_traitsIcEEE7_M_getcEv.part.112
                0x4a00563c       0x50 c:/marmalade/7.3/s3e/lib/arm/v6/nofpu/soft\libs3e_cpp_d.a(locale_impl.obj)
 .text._ZN4_STL12basic_stringIcNS_11char_traitsIcEENS_9allocatorIcEEE7reserveEj.part.95
                0x4a00568c       0xe8 c:/marmalade/7.3/s3e/lib/arm/v6/nofpu/soft\libs3e_cpp_d.a(locale_impl.obj)
 .text._ZN4_STL6__copyIPKcNS_19ostreambuf_iteratorIcNS_11char_traitsIcEEEEiEET0_T_S8_S7_RKNS_26random_access_iterator_tagEPT1_.isra.119
                0x4a005774       0xa4 c:/marmalade/7.3/s3e/lib/arm/v6/nofpu/soft\libs3e_cpp_d.a(locale_impl.obj)
 .text._ZN4_STL6__copyIPKwNS_19ostreambuf_iteratorIwNS_11char_traitsIwEEEEiEET0_T_S8_S7_RKNS_26random_access_iterator_tagEPT1_.isra.105
                0x4a005818       0xa8 c:/marmalade/7.3/s3e/lib/arm/v6/nofpu/soft\libs3e_cpp_d.a(locale_impl.obj)
 .text._ZNK4_STL8time_putIcNS_19ostreambuf_iteratorIcNS_11char_traitsIcEEEEE6do_putES4_RNS_8ios_baseEcPK2tmcc
                0x4a0058c0       0xc8 c:/marmalade/7.3/s3e/lib/arm/v6/nofpu/soft\libs3e_cpp_d.a(locale_impl.obj)
                0x4a0058c0                _STL::time_put<char, _STL::ostreambuf_iterator<char, _STL::char_traits<char> > >::do_put(_STL::ostreambuf_iterator<char, _STL::char_traits<char> >, _STL::ios_base&, char, tm const*, char, char) const
 .text._ZNK4_STL8time_putIwNS_19ostreambuf_iteratorIwNS_11char_traitsIwEEEEE6do_putES4_RNS_8ios_baseEwPK2tmcc
                0x4a005988       0xf8 c:/marmalade/7.3/s3e/lib/arm/v6/nofpu/soft\libs3e_cpp_d.a(locale_impl.obj)
                0x4a005988                _STL::time_put<wchar_t, _STL::ostreambuf_iterator<wchar_t, _STL::char_traits<wchar_t> > >::do_put(_STL::ostreambuf_iterator<wchar_t, _STL::char_traits<wchar_t> >, _STL::ios_base&, wchar_t, tm const*, char, char) const
 .text._ZNK4_STL9money_putIwNS_19ostreambuf_iteratorIwNS_11char_traitsIwEEEEE6do_putES4_bRNS_8ios_baseEwe
                0x4a005a80      0x1cc c:/marmalade/7.3/s3e/lib/arm/v6/nofpu/soft\libs3e_cpp_d.a(locale_impl.obj)
                0x4a005a80                _STL::money_put<wchar_t, _STL::ostreambuf_iterator<wchar_t, _STL::char_traits<wchar_t> > >::do_put(_STL::ostreambuf_iterator<wchar_t, _STL::char_traits<wchar_t> >, bool, _STL::ios_base&, wchar_t, long double) const
 .text._ZN4_STL12basic_stringIcNS_11char_traitsIcEENS_9allocatorIcEEE18_M_assign_dispatchIPcEERS5_T_S9_RKNS_12__false_typeE.isra.131
                0x4a005c4c      0x210 c:/marmalade/7.3/s3e/lib/arm/v6/nofpu/soft\libs3e_cpp_d.a(locale_impl.obj)
 .text._ZN4_STL12basic_stringIwNS_11char_traitsIwEENS_9allocatorIwEEE18_M_assign_dispatchIPwEERS5_T_S9_RKNS_12__false_typeE.isra.129
                0x4a005e5c      0x3e0 c:/marmalade/7.3/s3e/lib/arm/v6/nofpu/soft\libs3e_cpp_d.a(locale_impl.obj)
 .text._ZN4_STL13__copy_digitsINS_19istreambuf_iteratorIcNS_11char_traitsIcEEEEcEEbRT_S6_RNS_12basic_stringIcS3_NS_9allocatorIcEEEEPKT0_.isra.115
                0x4a00623c      0x1f0 c:/marmalade/7.3/s3e/lib/arm/v6/nofpu/soft\libs3e_cpp_d.a(locale_impl.obj)
 .text._ZN4_STL6locale15_S_uninitializeEv
                0x4a00642c       0x3c c:/marmalade/7.3/s3e/lib/arm/v6/nofpu/soft\libs3e_cpp_d.a(locale_impl.obj)
                0x4a00642c                _STL::locale::_S_uninitialize()
 .text._ZN4_STL6localeC2Ev
                0x4a006468       0x3c c:/marmalade/7.3/s3e/lib/arm/v6/nofpu/soft\libs3e_cpp_d.a(locale_impl.obj)
                0x4a006468                _STL::locale::locale()
                0x4a006468                _STL::locale::locale()
 .text._ZN4_STL6localeC2ERKS0_
                0x4a0064a4       0x30 c:/marmalade/7.3/s3e/lib/arm/v6/nofpu/soft\libs3e_cpp_d.a(locale_impl.obj)
                0x4a0064a4                _STL::locale::locale(_STL::locale const&)
                0x4a0064a4                _STL::locale::locale(_STL::locale const&)
 .text._ZN4_STL6localeD2Ev
                0x4a0064d4       0x30 c:/marmalade/7.3/s3e/lib/arm/v6/nofpu/soft\libs3e_cpp_d.a(locale_impl.obj)
                0x4a0064d4                _STL::locale::~locale()
                0x4a0064d4                _STL::locale::~locale()
 .text._ZN4_STL6localeaSERKS0_
                0x4a006504       0x48 c:/marmalade/7.3/s3e/lib/arm/v6/nofpu/soft\libs3e_cpp_d.a(locale_impl.obj)
                0x4a006504                _STL::locale::operator=(_STL::locale const&)
 .text._ZNK4_STL6locale12_M_get_facetERKNS0_2idE
                0x4a00654c       0x20 c:/marmalade/7.3/s3e/lib/arm/v6/nofpu/soft\libs3e_cpp_d.a(locale_impl.obj)
                0x4a00654c                _STL::locale::_M_get_facet(_STL::locale::id const&) const
 .text._ZNK4_STL6locale12_M_use_facetERKNS0_2idE
                0x4a00656c       0x20 c:/marmalade/7.3/s3e/lib/arm/v6/nofpu/soft\libs3e_cpp_d.a(locale_impl.obj)
                0x4a00656c                _STL::locale::_M_use_facet(_STL::locale::id const&) const
 .text._ZN4_STL6locale7classicEv
                0x4a00658c       0x14 c:/marmalade/7.3/s3e/lib/arm/v6/nofpu/soft\libs3e_cpp_d.a(locale_impl.obj)
                0x4a00658c                _STL::locale::classic()
 .text._ZN4_STL10_Time_InfoD2Ev
                0x4a0065a0       0xc0 c:/marmalade/7.3/s3e/lib/arm/v6/nofpu/soft\libs3e_cpp_d.a(locale_impl.obj)
                0x4a0065a0                _STL::_Time_Info::~_Time_Info()
                0x4a0065a0                _STL::_Time_Info::~_Time_Info()
 .text._ZN4_STL8time_putIwNS_19ostreambuf_iteratorIwNS_11char_traitsIwEEEEED2Ev
                0x4a006660       0x3c c:/marmalade/7.3/s3e/lib/arm/v6/nofpu/soft\libs3e_cpp_d.a(locale_impl.obj)
                0x4a006660                _STL::time_put<wchar_t, _STL::ostreambuf_iterator<wchar_t, _STL::char_traits<wchar_t> > >::~time_put()
                0x4a006660                _STL::time_put<wchar_t, _STL::ostreambuf_iterator<wchar_t, _STL::char_traits<wchar_t> > >::~time_put()
 .text._ZN4_STL8time_putIwNS_19ostreambuf_iteratorIwNS_11char_traitsIwEEEEED0Ev
                0x4a00669c       0x44 c:/marmalade/7.3/s3e/lib/arm/v6/nofpu/soft\libs3e_cpp_d.a(locale_impl.obj)
                0x4a00669c                _STL::time_put<wchar_t, _STL::ostreambuf_iterator<wchar_t, _STL::char_traits<wchar_t> > >::~time_put()
 .text._ZN4_STL8time_getIwNS_19istreambuf_iteratorIwNS_11char_traitsIwEEEEED2Ev
                0x4a0066e0       0x3c c:/marmalade/7.3/s3e/lib/arm/v6/nofpu/soft\libs3e_cpp_d.a(locale_impl.obj)
                0x4a0066e0                _STL::time_get<wchar_t, _STL::istreambuf_iterator<wchar_t, _STL::char_traits<wchar_t> > >::~time_get()
                0x4a0066e0                _STL::time_get<wchar_t, _STL::istreambuf_iterator<wchar_t, _STL::char_traits<wchar_t> > >::~time_get()
 .text._ZN4_STL8time_getIwNS_19istreambuf_iteratorIwNS_11char_traitsIwEEEEED0Ev
                0x4a00671c       0x44 c:/marmalade/7.3/s3e/lib/arm/v6/nofpu/soft\libs3e_cpp_d.a(locale_impl.obj)
                0x4a00671c                _STL::time_get<wchar_t, _STL::istreambuf_iterator<wchar_t, _STL::char_traits<wchar_t> > >::~time_get()
 .text._ZN4_STL8time_putIcNS_19ostreambuf_iteratorIcNS_11char_traitsIcEEEEED2Ev
                0x4a006760       0x3c c:/marmalade/7.3/s3e/lib/arm/v6/nofpu/soft\libs3e_cpp_d.a(locale_impl.obj)
                0x4a006760                _STL::time_put<char, _STL::ostreambuf_iterator<char, _STL::char_traits<char> > >::~time_put()
                0x4a006760                _STL::time_put<char, _STL::ostreambuf_iterator<char, _STL::char_traits<char> > >::~time_put()
 .text._ZN4_STL8time_putIcNS_19ostreambuf_iteratorIcNS_11char_traitsIcEEEEED0Ev
                0x4a00679c       0x44 c:/marmalade/7.3/s3e/lib/arm/v6/nofpu/soft\libs3e_cpp_d.a(locale_impl.obj)
                0x4a00679c                _STL::time_put<char, _STL::ostreambuf_iterator<char, _STL::char_traits<char> > >::~time_put()
 .text._ZN4_STL8time_getIcNS_19istreambuf_iteratorIcNS_11char_traitsIcEEEEED2Ev
                0x4a0067e0       0x3c c:/marmalade/7.3/s3e/lib/arm/v6/nofpu/soft\libs3e_cpp_d.a(locale_impl.obj)
                0x4a0067e0                _STL::time_get<char, _STL::istreambuf_iterator<char, _STL::char_traits<char> > >::~time_get()
                0x4a0067e0                _STL::time_get<char, _STL::istreambuf_iterator<char, _STL::char_traits<char> > >::~time_get()
 .text._ZN4_STL8time_getIcNS_19istreambuf_iteratorIcNS_11char_traitsIcEEEEED0Ev
                0x4a00681c       0x44 c:/marmalade/7.3/s3e/lib/arm/v6/nofpu/soft\libs3e_cpp_d.a(locale_impl.obj)
                0x4a00681c                _STL::time_get<char, _STL::istreambuf_iterator<char, _STL::char_traits<char> > >::~time_get()
 .text._ZN4_STL12basic_stringIcNS_11char_traitsIcEENS_9allocatorIcEEEC2Ev
                0x4a006860       0x94 c:/marmalade/7.3/s3e/lib/arm/v6/nofpu/soft\libs3e_cpp_d.a(locale_impl.obj)
                0x4a006860                _STL::basic_string<char, _STL::char_traits<char>, _STL::allocator<char> >::basic_string()
                0x4a006860                _STL::basic_string<char, _STL::char_traits<char>, _STL::allocator<char> >::basic_string()
 .text._ZN4_STL10_Time_InfoC2Ev
                0x4a0068f4       0x7c c:/marmalade/7.3/s3e/lib/arm/v6/nofpu/soft\libs3e_cpp_d.a(locale_impl.obj)
                0x4a0068f4                _STL::_Time_Info::_Time_Info()
                0x4a0068f4                _STL::_Time_Info::_Time_Info()
 .text._ZN4_STL14__malloc_allocILi0EE8allocateEj
                0x4a006970       0x5c c:/marmalade/7.3/s3e/lib/arm/v6/nofpu/soft\libs3e_cpp_d.a(locale_impl.obj)
                0x4a006970                _STL::__malloc_alloc<0>::allocate(unsigned int)
 .text._ZN4_STL14__malloc_allocILi0EE13_S_oom_mallocEj
                0x4a0069cc       0x50 c:/marmalade/7.3/s3e/lib/arm/v6/nofpu/soft\libs3e_cpp_d.a(locale_impl.obj)
                0x4a0069cc                _STL::__malloc_alloc<0>::_S_oom_malloc(unsigned int)
 .text._ZN4_STL12basic_stringIcNS_11char_traitsIcEENS_9allocatorIcEEEC2EPKcRKS4_
                0x4a006a1c       0xac c:/marmalade/7.3/s3e/lib/arm/v6/nofpu/soft\libs3e_cpp_d.a(locale_impl.obj)
                0x4a006a1c                _STL::basic_string<char, _STL::char_traits<char>, _STL::allocator<char> >::basic_string(char const*, _STL::allocator<char> const&)
                0x4a006a1c                _STL::basic_string<char, _STL::char_traits<char>, _STL::allocator<char> >::basic_string(char const*, _STL::allocator<char> const&)
 .text._ZNK4_STL9money_putIcNS_19ostreambuf_iteratorIcNS_11char_traitsIcEEEEE6do_putES4_bRNS_8ios_baseEce
                0x4a006ac8      0x14c c:/marmalade/7.3/s3e/lib/arm/v6/nofpu/soft\libs3e_cpp_d.a(locale_impl.obj)
                0x4a006ac8                _STL::money_put<char, _STL::ostreambuf_iterator<char, _STL::char_traits<char> > >::do_put(_STL::ostreambuf_iterator<char, _STL::char_traits<char> >, bool, _STL::ios_base&, char, long double) const
 .text._ZN4_STL12_Locale_impl19make_classic_localeEv
                0x4a006c14      0x398 c:/marmalade/7.3/s3e/lib/arm/v6/nofpu/soft\libs3e_cpp_d.a(locale_impl.obj)
                0x4a006c14                _STL::_Locale_impl::make_classic_locale()
 .text._ZN4_STL6locale13_S_initializeEv
                0x4a006fac      0x214 c:/marmalade/7.3/s3e/lib/arm/v6/nofpu/soft\libs3e_cpp_d.a(locale_impl.obj)
                0x4a006fac                _STL::locale::_S_initialize()
 .text._ZN4_STL8ios_base9_Loc_initC2Ev
                0x4a0071c0      0x224 c:/marmalade/7.3/s3e/lib/arm/v6/nofpu/soft\libs3e_cpp_d.a(locale_impl.obj)
                0x4a0071c0                _STL::ios_base::_Loc_init::_Loc_init()
                0x4a0071c0                _STL::ios_base::_Loc_init::_Loc_init()
 .text._ZN4_STL21__get_decimal_integerINS_19istreambuf_iteratorIwNS_11char_traitsIwEEEEiEEbRT_S6_RT0_
                0x4a0073e4      0x2ec c:/marmalade/7.3/s3e/lib/arm/v6/nofpu/soft\libs3e_cpp_d.a(locale_impl.obj)
                0x4a0073e4                bool _STL::__get_decimal_integer<_STL::istreambuf_iterator<wchar_t, _STL::char_traits<wchar_t> >, int>(_STL::istreambuf_iterator<wchar_t, _STL::char_traits<wchar_t> >&, _STL::istreambuf_iterator<wchar_t, _STL::char_traits<wchar_t> >&, int&)
 .text._ZNK4_STL8time_getIwNS_19istreambuf_iteratorIwNS_11char_traitsIwEEEEE11do_get_yearES4_S4_RNS_8ios_baseERiP2tm
                0x4a0076d0      0x218 c:/marmalade/7.3/s3e/lib/arm/v6/nofpu/soft\libs3e_cpp_d.a(locale_impl.obj)
                0x4a0076d0                _STL::time_get<wchar_t, _STL::istreambuf_iterator<wchar_t, _STL::char_traits<wchar_t> > >::do_get_year(_STL::istreambuf_iterator<wchar_t, _STL::char_traits<wchar_t> >, _STL::istreambuf_iterator<wchar_t, _STL::char_traits<wchar_t> >, _STL::ios_base&, int&, tm*) const
 .text._ZN4_STL24__write_integer_backwardIlEEPcS1_iT_
                0x4a0078e8      0x1d8 c:/marmalade/7.3/s3e/lib/arm/v6/nofpu/soft\libs3e_cpp_d.a(locale_impl.obj)
                0x4a0078e8                char* _STL::__write_integer_backward<long>(char*, int, long)
 .text._ZN4_STL12basic_stringIcNS_11char_traitsIcEENS_9allocatorIcEEE9push_backEc
                0x4a007ac0       0x74 c:/marmalade/7.3/s3e/lib/arm/v6/nofpu/soft\libs3e_cpp_d.a(locale_impl.obj)
                0x4a007ac0                _STL::basic_string<char, _STL::char_traits<char>, _STL::allocator<char> >::push_back(char)
 .text._ZN4_STL19ostreambuf_iteratorIwNS_11char_traitsIwEEEaSEw
                0x4a007b34       0x60 c:/marmalade/7.3/s3e/lib/arm/v6/nofpu/soft\libs3e_cpp_d.a(locale_impl.obj)
                0x4a007b34                _STL::ostreambuf_iterator<wchar_t, _STL::char_traits<wchar_t> >::operator=(wchar_t)
 .text._ZN4_STL23__copy_integer_and_fillIwNS_19ostreambuf_iteratorIwNS_11char_traitsIwEEEEEET0_PKT_iS5_iiS6_S6_S6_
                0x4a007b94      0x354 c:/marmalade/7.3/s3e/lib/arm/v6/nofpu/soft\libs3e_cpp_d.a(locale_impl.obj)
                0x4a007b94                _STL::ostreambuf_iterator<wchar_t, _STL::char_traits<wchar_t> > _STL::__copy_integer_and_fill<wchar_t, _STL::ostreambuf_iterator<wchar_t, _STL::char_traits<wchar_t> > >(wchar_t const*, int, _STL::ostreambuf_iterator<wchar_t, _STL::char_traits<wchar_t> >, int, int, wchar_t, wchar_t, wchar_t)
 .text._ZNK4_STL7num_putIwNS_19ostreambuf_iteratorIwNS_11char_traitsIwEEEEE6do_putES4_RNS_8ios_baseEwb
                0x4a007ee8      0x100 c:/marmalade/7.3/s3e/lib/arm/v6/nofpu/soft\libs3e_cpp_d.a(locale_impl.obj)
                0x4a007ee8                _STL::num_put<wchar_t, _STL::ostreambuf_iterator<wchar_t, _STL::char_traits<wchar_t> > >::do_put(_STL::ostreambuf_iterator<wchar_t, _STL::char_traits<wchar_t> >, _STL::ios_base&, wchar_t, bool) const
 .text._ZN4_STL13__put_integerINS_19ostreambuf_iteratorIwNS_11char_traitsIwEEEEEET_PcS6_S5_RNS_8ios_baseEiw
                0x4a007fe8      0x174 c:/marmalade/7.3/s3e/lib/arm/v6/nofpu/soft\libs3e_cpp_d.a(locale_impl.obj)
                0x4a007fe8                _STL::ostreambuf_iterator<wchar_t, _STL::char_traits<wchar_t> > _STL::__put_integer<_STL::ostreambuf_iterator<wchar_t, _STL::char_traits<wchar_t> > >(char*, char*, _STL::ostreambuf_iterator<wchar_t, _STL::char_traits<wchar_t> >, _STL::ios_base&, int, wchar_t)
 .text._ZNK4_STL7num_putIwNS_19ostreambuf_iteratorIwNS_11char_traitsIwEEEEE6do_putES4_RNS_8ios_baseEwl
                0x4a00815c      0x224 c:/marmalade/7.3/s3e/lib/arm/v6/nofpu/soft\libs3e_cpp_d.a(locale_impl.obj)
                0x4a00815c                _STL::num_put<wchar_t, _STL::ostreambuf_iterator<wchar_t, _STL::char_traits<wchar_t> > >::do_put(_STL::ostreambuf_iterator<wchar_t, _STL::char_traits<wchar_t> >, _STL::ios_base&, wchar_t, long) const
 .text._ZNK4_STL7num_putIwNS_19ostreambuf_iteratorIwNS_11char_traitsIwEEEEE6do_putES4_RNS_8ios_baseEwm
                0x4a008380       0x94 c:/marmalade/7.3/s3e/lib/arm/v6/nofpu/soft\libs3e_cpp_d.a(locale_impl.obj)
                0x4a008380                _STL::num_put<wchar_t, _STL::ostreambuf_iterator<wchar_t, _STL::char_traits<wchar_t> > >::do_put(_STL::ostreambuf_iterator<wchar_t, _STL::char_traits<wchar_t> >, _STL::ios_base&, wchar_t, unsigned long) const
 .text._ZNK4_STL7num_putIwNS_19ostreambuf_iteratorIwNS_11char_traitsIwEEEEE6do_putES4_RNS_8ios_baseEwx
                0x4a008414      0x200 c:/marmalade/7.3/s3e/lib/arm/v6/nofpu/soft\libs3e_cpp_d.a(locale_impl.obj)
                0x4a008414                _STL::num_put<wchar_t, _STL::ostreambuf_iterator<wchar_t, _STL::char_traits<wchar_t> > >::do_put(_STL::ostreambuf_iterator<wchar_t, _STL::char_traits<wchar_t> >, _STL::ios_base&, wchar_t, long long) const
 .text._ZNK4_STL7num_putIwNS_19ostreambuf_iteratorIwNS_11char_traitsIwEEEEE6do_putES4_RNS_8ios_baseEwy
                0x4a008614      0x1c8 c:/marmalade/7.3/s3e/lib/arm/v6/nofpu/soft\libs3e_cpp_d.a(locale_impl.obj)
                0x4a008614                _STL::num_put<wchar_t, _STL::ostreambuf_iterator<wchar_t, _STL::char_traits<wchar_t> > >::do_put(_STL::ostreambuf_iterator<wchar_t, _STL::char_traits<wchar_t> >, _STL::ios_base&, wchar_t, unsigned long long) const
 .text._ZNK4_STL9money_putIwNS_19ostreambuf_iteratorIwNS_11char_traitsIwEEEEE6do_putES4_bRNS_8ios_baseEwRKNS_12basic_stringIwS3_NS_9allocatorIwEEEE
                0x4a0087dc      0xb5c c:/marmalade/7.3/s3e/lib/arm/v6/nofpu/soft\libs3e_cpp_d.a(locale_impl.obj)
                0x4a0087dc                _STL::money_put<wchar_t, _STL::ostreambuf_iterator<wchar_t, _STL::char_traits<wchar_t> > >::do_put(_STL::ostreambuf_iterator<wchar_t, _STL::char_traits<wchar_t> >, bool, _STL::ios_base&, wchar_t, _STL::basic_string<wchar_t, _STL::char_traits<wchar_t>, _STL::allocator<wchar_t> > const&) const
 .text._ZN4_STL12basic_stringIwNS_11char_traitsIwEENS_9allocatorIwEEE9push_backEw
                0x4a009338      0x1b0 c:/marmalade/7.3/s3e/lib/arm/v6/nofpu/soft\libs3e_cpp_d.a(locale_impl.obj)
                0x4a009338                _STL::basic_string<wchar_t, _STL::char_traits<wchar_t>, _STL::allocator<wchar_t> >::push_back(wchar_t)
 .text._ZN4_STL21__get_decimal_integerIPweEEbRT_S3_RT0_
                0x4a0094e8      0x294 c:/marmalade/7.3/s3e/lib/arm/v6/nofpu/soft\libs3e_cpp_d.a(locale_impl.obj)
                0x4a0094e8                bool _STL::__get_decimal_integer<wchar_t*, long double>(wchar_t*&, wchar_t*&, long double&)
 .text._ZN4_STL12__get_stringINS_19istreambuf_iteratorIwNS_11char_traitsIwEEEEPwEENS_4pairIT_bEES7_S7_T0_S9_
                0x4a00977c      0x1f8 c:/marmalade/7.3/s3e/lib/arm/v6/nofpu/soft\libs3e_cpp_d.a(locale_impl.obj)
                0x4a00977c                _STL::pair<_STL::istreambuf_iterator<wchar_t, _STL::char_traits<wchar_t> >, bool> _STL::__get_string<_STL::istreambuf_iterator<wchar_t, _STL::char_traits<wchar_t> >, wchar_t*>(_STL::istreambuf_iterator<wchar_t, _STL::char_traits<wchar_t> >, _STL::istreambuf_iterator<wchar_t, _STL::char_traits<wchar_t> >, wchar_t*, wchar_t*)
 .text._ZN4_STL21__get_decimal_integerINS_19istreambuf_iteratorIcNS_11char_traitsIcEEEEiEEbRT_S6_RT0_
                0x4a009974      0x2e8 c:/marmalade/7.3/s3e/lib/arm/v6/nofpu/soft\libs3e_cpp_d.a(locale_impl.obj)
                0x4a009974                bool _STL::__get_decimal_integer<_STL::istreambuf_iterator<char, _STL::char_traits<char> >, int>(_STL::istreambuf_iterator<char, _STL::char_traits<char> >&, _STL::istreambuf_iterator<char, _STL::char_traits<char> >&, int&)
 .text._ZNK4_STL8time_getIcNS_19istreambuf_iteratorIcNS_11char_traitsIcEEEEE11do_get_yearES4_S4_RNS_8ios_baseERiP2tm
                0x4a009c5c      0x218 c:/marmalade/7.3/s3e/lib/arm/v6/nofpu/soft\libs3e_cpp_d.a(locale_impl.obj)
                0x4a009c5c                _STL::time_get<char, _STL::istreambuf_iterator<char, _STL::char_traits<char> > >::do_get_year(_STL::istreambuf_iterator<char, _STL::char_traits<char> >, _STL::istreambuf_iterator<char, _STL::char_traits<char> >, _STL::ios_base&, int&, tm*) const
 .text._ZN4_STL19ostreambuf_iteratorIcNS_11char_traitsIcEEEaSEc
                0x4a009e74       0x60 c:/marmalade/7.3/s3e/lib/arm/v6/nofpu/soft\libs3e_cpp_d.a(locale_impl.obj)
                0x4a009e74                _STL::ostreambuf_iterator<char, _STL::char_traits<char> >::operator=(char)
 .text._ZN4_STL23__copy_integer_and_fillIcNS_19ostreambuf_iteratorIcNS_11char_traitsIcEEEEEET0_PKT_iS5_iiS6_S6_S6_
                0x4a009ed4      0x39c c:/marmalade/7.3/s3e/lib/arm/v6/nofpu/soft\libs3e_cpp_d.a(locale_impl.obj)
                0x4a009ed4                _STL::ostreambuf_iterator<char, _STL::char_traits<char> > _STL::__copy_integer_and_fill<char, _STL::ostreambuf_iterator<char, _STL::char_traits<char> > >(char const*, int, _STL::ostreambuf_iterator<char, _STL::char_traits<char> >, int, int, char, char, char)
 .text._ZNK4_STL7num_putIcNS_19ostreambuf_iteratorIcNS_11char_traitsIcEEEEE6do_putES4_RNS_8ios_baseEcb
                0x4a00a270       0xfc c:/marmalade/7.3/s3e/lib/arm/v6/nofpu/soft\libs3e_cpp_d.a(locale_impl.obj)
                0x4a00a270                _STL::num_put<char, _STL::ostreambuf_iterator<char, _STL::char_traits<char> > >::do_put(_STL::ostreambuf_iterator<char, _STL::char_traits<char> >, _STL::ios_base&, char, bool) const
 .text._ZN4_STL13__put_integerINS_19ostreambuf_iteratorIcNS_11char_traitsIcEEEEEET_PcS6_S5_RNS_8ios_baseEic
                0x4a00a36c      0x118 c:/marmalade/7.3/s3e/lib/arm/v6/nofpu/soft\libs3e_cpp_d.a(locale_impl.obj)
                0x4a00a36c                _STL::ostreambuf_iterator<char, _STL::char_traits<char> > _STL::__put_integer<_STL::ostreambuf_iterator<char, _STL::char_traits<char> > >(char*, char*, _STL::ostreambuf_iterator<char, _STL::char_traits<char> >, _STL::ios_base&, int, char)
 .text._ZNK4_STL7num_putIcNS_19ostreambuf_iteratorIcNS_11char_traitsIcEEEEE6do_putES4_RNS_8ios_baseEcl
                0x4a00a484       0x5c c:/marmalade/7.3/s3e/lib/arm/v6/nofpu/soft\libs3e_cpp_d.a(locale_impl.obj)
                0x4a00a484                _STL::num_put<char, _STL::ostreambuf_iterator<char, _STL::char_traits<char> > >::do_put(_STL::ostreambuf_iterator<char, _STL::char_traits<char> >, _STL::ios_base&, char, long) const
 .text._ZNK4_STL7num_putIcNS_19ostreambuf_iteratorIcNS_11char_traitsIcEEEEE6do_putES4_RNS_8ios_baseEcm
                0x4a00a4e0       0x94 c:/marmalade/7.3/s3e/lib/arm/v6/nofpu/soft\libs3e_cpp_d.a(locale_impl.obj)
                0x4a00a4e0                _STL::num_put<char, _STL::ostreambuf_iterator<char, _STL::char_traits<char> > >::do_put(_STL::ostreambuf_iterator<char, _STL::char_traits<char> >, _STL::ios_base&, char, unsigned long) const
 .text._ZNK4_STL7num_putIcNS_19ostreambuf_iteratorIcNS_11char_traitsIcEEEEE6do_putES4_RNS_8ios_baseEcx
                0x4a00a574      0x200 c:/marmalade/7.3/s3e/lib/arm/v6/nofpu/soft\libs3e_cpp_d.a(locale_impl.obj)
                0x4a00a574                _STL::num_put<char, _STL::ostreambuf_iterator<char, _STL::char_traits<char> > >::do_put(_STL::ostreambuf_iterator<char, _STL::char_traits<char> >, _STL::ios_base&, char, long long) const
 .text._ZNK4_STL7num_putIcNS_19ostreambuf_iteratorIcNS_11char_traitsIcEEEEE6do_putES4_RNS_8ios_baseEcy
                0x4a00a774      0x1c8 c:/marmalade/7.3/s3e/lib/arm/v6/nofpu/soft\libs3e_cpp_d.a(locale_impl.obj)
                0x4a00a774                _STL::num_put<char, _STL::ostreambuf_iterator<char, _STL::char_traits<char> > >::do_put(_STL::ostreambuf_iterator<char, _STL::char_traits<char> >, _STL::ios_base&, char, unsigned long long) const
 .text._ZNK4_STL9money_putIcNS_19ostreambuf_iteratorIcNS_11char_traitsIcEEEEE6do_putES4_bRNS_8ios_baseEcRKNS_12basic_stringIcS3_NS_9allocatorIcEEEE
                0x4a00a93c      0xae0 c:/marmalade/7.3/s3e/lib/arm/v6/nofpu/soft\libs3e_cpp_d.a(locale_impl.obj)
                0x4a00a93c                _STL::money_put<char, _STL::ostreambuf_iterator<char, _STL::char_traits<char> > >::do_put(_STL::ostreambuf_iterator<char, _STL::char_traits<char> >, bool, _STL::ios_base&, char, _STL::basic_string<char, _STL::char_traits<char>, _STL::allocator<char> > const&) const
 .text._ZN4_STL21__get_decimal_integerIPceEEbRT_S3_RT0_
                0x4a00b41c      0x290 c:/marmalade/7.3/s3e/lib/arm/v6/nofpu/soft\libs3e_cpp_d.a(locale_impl.obj)
                0x4a00b41c                bool _STL::__get_decimal_integer<char*, long double>(char*&, char*&, long double&)
 .text._ZNK4_STL9money_getIcNS_19istreambuf_iteratorIcNS_11char_traitsIcEEEEE6do_getES4_S4_bRNS_8ios_baseERiRe
                0x4a00b6ac      0x168 c:/marmalade/7.3/s3e/lib/arm/v6/nofpu/soft\libs3e_cpp_d.a(locale_impl.obj)
                0x4a00b6ac                _STL::money_get<char, _STL::istreambuf_iterator<char, _STL::char_traits<char> > >::do_get(_STL::istreambuf_iterator<char, _STL::char_traits<char> >, _STL::istreambuf_iterator<char, _STL::char_traits<char> >, bool, _STL::ios_base&, int&, long double&) const
 .text._ZN4_STL12__get_stringINS_19istreambuf_iteratorIcNS_11char_traitsIcEEEEPcEENS_4pairIT_bEES7_S7_T0_S9_
                0x4a00b814      0x204 c:/marmalade/7.3/s3e/lib/arm/v6/nofpu/soft\libs3e_cpp_d.a(locale_impl.obj)
                0x4a00b814                _STL::pair<_STL::istreambuf_iterator<char, _STL::char_traits<char> >, bool> _STL::__get_string<_STL::istreambuf_iterator<char, _STL::char_traits<char> >, char*>(_STL::istreambuf_iterator<char, _STL::char_traits<char> >, _STL::istreambuf_iterator<char, _STL::char_traits<char> >, char*, char*)
 .text._ZNK4_STL19istreambuf_iteratorIwNS_11char_traitsIwEEE5equalERKS3_
                0x4a00ba18       0xf0 c:/marmalade/7.3/s3e/lib/arm/v6/nofpu/soft\libs3e_cpp_d.a(locale_impl.obj)
                0x4a00ba18                _STL::istreambuf_iterator<wchar_t, _STL::char_traits<wchar_t> >::equal(_STL::istreambuf_iterator<wchar_t, _STL::char_traits<wchar_t> > const&) const
 .text._ZNK4_STL7num_getIwNS_19istreambuf_iteratorIwNS_11char_traitsIwEEEEE6do_getES4_S4_RNS_8ios_baseERiRb
                0x4a00bb08      0x420 c:/marmalade/7.3/s3e/lib/arm/v6/nofpu/soft\libs3e_cpp_d.a(locale_impl.obj)
                0x4a00bb08                _STL::num_get<wchar_t, _STL::istreambuf_iterator<wchar_t, _STL::char_traits<wchar_t> > >::do_get(_STL::istreambuf_iterator<wchar_t, _STL::char_traits<wchar_t> >, _STL::istreambuf_iterator<wchar_t, _STL::char_traits<wchar_t> >, _STL::ios_base&, int&, bool&) const
 .text._ZNK4_STL9money_getIwNS_19istreambuf_iteratorIwNS_11char_traitsIwEEEEE6do_getES4_S4_bRNS_8ios_baseERiRe
                0x4a00bf28      0x2e8 c:/marmalade/7.3/s3e/lib/arm/v6/nofpu/soft\libs3e_cpp_d.a(locale_impl.obj)
                0x4a00bf28                _STL::money_get<wchar_t, _STL::istreambuf_iterator<wchar_t, _STL::char_traits<wchar_t> > >::do_get(_STL::istreambuf_iterator<wchar_t, _STL::char_traits<wchar_t> >, _STL::istreambuf_iterator<wchar_t, _STL::char_traits<wchar_t> >, bool, _STL::ios_base&, int&, long double&) const
 .text._ZN4_STL20__get_monetary_valueINS_19istreambuf_iteratorIwNS_11char_traitsIwEEEENS_20back_insert_iteratorINS_12basic_stringIwS3_NS_9allocatorIwEEEEEEwEEbRT_SB_T0_RKNS_5ctypeIT1_EESF_iSF_RKNS6_IcNS2_IcEENS7_IcEEEERb
                0x4a00c210      0x8c8 c:/marmalade/7.3/s3e/lib/arm/v6/nofpu/soft\libs3e_cpp_d.a(locale_impl.obj)
                0x4a00c210                bool _STL::__get_monetary_value<_STL::istreambuf_iterator<wchar_t, _STL::char_traits<wchar_t> >, _STL::back_insert_iterator<_STL::basic_string<wchar_t, _STL::char_traits<wchar_t>, _STL::allocator<wchar_t> > >, wchar_t>(_STL::istreambuf_iterator<wchar_t, _STL::char_traits<wchar_t> >&, _STL::istreambuf_iterator<wchar_t, _STL::char_traits<wchar_t> >, _STL::back_insert_iterator<_STL::basic_string<wchar_t, _STL::char_traits<wchar_t>, _STL::allocator<wchar_t> > >, _STL::ctype<wchar_t> const&, wchar_t, int, wchar_t, _STL::basic_string<char, _STL::char_traits<char>, _STL::allocator<char> > const&, bool&)
 .text._ZNK4_STL9money_getIwNS_19istreambuf_iteratorIwNS_11char_traitsIwEEEEE6do_getES4_S4_bRNS_8ios_baseERiRNS_12basic_stringIwS3_NS_9allocatorIwEEEE
                0x4a00cad8      0xb8c c:/marmalade/7.3/s3e/lib/arm/v6/nofpu/soft\libs3e_cpp_d.a(locale_impl.obj)
                0x4a00cad8                _STL::money_get<wchar_t, _STL::istreambuf_iterator<wchar_t, _STL::char_traits<wchar_t> > >::do_get(_STL::istreambuf_iterator<wchar_t, _STL::char_traits<wchar_t> >, _STL::istreambuf_iterator<wchar_t, _STL::char_traits<wchar_t> >, bool, _STL::ios_base&, int&, _STL::basic_string<wchar_t, _STL::char_traits<wchar_t>, _STL::allocator<wchar_t> >&) const
 .text._ZN4_STL11__put_floatINS_19ostreambuf_iteratorIwNS_11char_traitsIwEEEEEET_PcS6_S5_RNS_8ios_baseEwwwRKNS_12basic_stringIcNS2_IcEENS_9allocatorIcEEEE
                0x4a00d664      0x5e0 c:/marmalade/7.3/s3e/lib/arm/v6/nofpu/soft\libs3e_cpp_d.a(locale_impl.obj)
                0x4a00d664                _STL::ostreambuf_iterator<wchar_t, _STL::char_traits<wchar_t> > _STL::__put_float<_STL::ostreambuf_iterator<wchar_t, _STL::char_traits<wchar_t> > >(char*, char*, _STL::ostreambuf_iterator<wchar_t, _STL::char_traits<wchar_t> >, _STL::ios_base&, wchar_t, wchar_t, wchar_t, _STL::basic_string<char, _STL::char_traits<char>, _STL::allocator<char> > const&)
 .text._ZNK4_STL7num_putIwNS_19ostreambuf_iteratorIwNS_11char_traitsIwEEEEE6do_putES4_RNS_8ios_baseEwd
                0x4a00dc44       0xf0 c:/marmalade/7.3/s3e/lib/arm/v6/nofpu/soft\libs3e_cpp_d.a(locale_impl.obj)
                0x4a00dc44                _STL::num_put<wchar_t, _STL::ostreambuf_iterator<wchar_t, _STL::char_traits<wchar_t> > >::do_put(_STL::ostreambuf_iterator<wchar_t, _STL::char_traits<wchar_t> >, _STL::ios_base&, wchar_t, double) const
 .text._ZNK4_STL7num_putIwNS_19ostreambuf_iteratorIwNS_11char_traitsIwEEEEE6do_putES4_RNS_8ios_baseEwe
                0x4a00dd34       0xf0 c:/marmalade/7.3/s3e/lib/arm/v6/nofpu/soft\libs3e_cpp_d.a(locale_impl.obj)
                0x4a00dd34                _STL::num_put<wchar_t, _STL::ostreambuf_iterator<wchar_t, _STL::char_traits<wchar_t> > >::do_put(_STL::ostreambuf_iterator<wchar_t, _STL::char_traits<wchar_t> >, _STL::ios_base&, wchar_t, long double) const
 .text._ZN4_STL19_M_get_base_or_zeroINS_19istreambuf_iteratorIwNS_11char_traitsIwEEEEwEEiRT_S6_RNS_8ios_baseEPT0_
                0x4a00de24      0x3b4 c:/marmalade/7.3/s3e/lib/arm/v6/nofpu/soft\libs3e_cpp_d.a(locale_impl.obj)
                0x4a00de24                int _STL::_M_get_base_or_zero<_STL::istreambuf_iterator<wchar_t, _STL::char_traits<wchar_t> >, wchar_t>(_STL::istreambuf_iterator<wchar_t, _STL::char_traits<wchar_t> >&, _STL::istreambuf_iterator<wchar_t, _STL::char_traits<wchar_t> >&, _STL::ios_base&, wchar_t*)
 .text._ZNK4_STL7num_getIwNS_19istreambuf_iteratorIwNS_11char_traitsIwEEEEE6do_getES4_S4_RNS_8ios_baseERiRl
                0x4a00e1d8      0x3c8 c:/marmalade/7.3/s3e/lib/arm/v6/nofpu/soft\libs3e_cpp_d.a(locale_impl.obj)
                0x4a00e1d8                _STL::num_get<wchar_t, _STL::istreambuf_iterator<wchar_t, _STL::char_traits<wchar_t> > >::do_get(_STL::istreambuf_iterator<wchar_t, _STL::char_traits<wchar_t> >, _STL::istreambuf_iterator<wchar_t, _STL::char_traits<wchar_t> >, _STL::ios_base&, int&, long&) const
 .text._ZNK4_STL7num_getIwNS_19istreambuf_iteratorIwNS_11char_traitsIwEEEEE6do_getES4_S4_RNS_8ios_baseERiRt
                0x4a00e5a0      0x3d0 c:/marmalade/7.3/s3e/lib/arm/v6/nofpu/soft\libs3e_cpp_d.a(locale_impl.obj)
                0x4a00e5a0                _STL::num_get<wchar_t, _STL::istreambuf_iterator<wchar_t, _STL::char_traits<wchar_t> > >::do_get(_STL::istreambuf_iterator<wchar_t, _STL::char_traits<wchar_t> >, _STL::istreambuf_iterator<wchar_t, _STL::char_traits<wchar_t> >, _STL::ios_base&, int&, unsigned short&) const
 .text._ZNK4_STL7num_getIwNS_19istreambuf_iteratorIwNS_11char_traitsIwEEEEE6do_getES4_S4_RNS_8ios_baseERiRj
                0x4a00e970      0x3b4 c:/marmalade/7.3/s3e/lib/arm/v6/nofpu/soft\libs3e_cpp_d.a(locale_impl.obj)
                0x4a00e970                _STL::num_get<wchar_t, _STL::istreambuf_iterator<wchar_t, _STL::char_traits<wchar_t> > >::do_get(_STL::istreambuf_iterator<wchar_t, _STL::char_traits<wchar_t> >, _STL::istreambuf_iterator<wchar_t, _STL::char_traits<wchar_t> >, _STL::ios_base&, int&, unsigned int&) const
 .text._ZNK4_STL7num_getIwNS_19istreambuf_iteratorIwNS_11char_traitsIwEEEEE6do_getES4_S4_RNS_8ios_baseERiRm
                0x4a00ed24      0x3b4 c:/marmalade/7.3/s3e/lib/arm/v6/nofpu/soft\libs3e_cpp_d.a(locale_impl.obj)
                0x4a00ed24                _STL::num_get<wchar_t, _STL::istreambuf_iterator<wchar_t, _STL::char_traits<wchar_t> > >::do_get(_STL::istreambuf_iterator<wchar_t, _STL::char_traits<wchar_t> >, _STL::istreambuf_iterator<wchar_t, _STL::char_traits<wchar_t> >, _STL::ios_base&, int&, unsigned long&) const
 .text._ZN4_STL17_M_do_get_integerINS_19istreambuf_iteratorIwNS_11char_traitsIwEEEEywEET_RS5_S6_RNS_8ios_baseERiRT0_PT1_
                0x4a00f0d8      0x408 c:/marmalade/7.3/s3e/lib/arm/v6/nofpu/soft\libs3e_cpp_d.a(locale_impl.obj)
                0x4a00f0d8                _STL::istreambuf_iterator<wchar_t, _STL::char_traits<wchar_t> > _STL::_M_do_get_integer<_STL::istreambuf_iterator<wchar_t, _STL::char_traits<wchar_t> >, unsigned long long, wchar_t>(_STL::istreambuf_iterator<wchar_t, _STL::char_traits<wchar_t> >&, _STL::istreambuf_iterator<wchar_t, _STL::char_traits<wchar_t> >&, _STL::ios_base&, int&, unsigned long long&, wchar_t*)
 .text._ZNK4_STL7num_getIwNS_19istreambuf_iteratorIwNS_11char_traitsIwEEEEE6do_getES4_S4_RNS_8ios_baseERiRPv
                0x4a00f4e0       0x54 c:/marmalade/7.3/s3e/lib/arm/v6/nofpu/soft\libs3e_cpp_d.a(locale_impl.obj)
                0x4a00f4e0                _STL::num_get<wchar_t, _STL::istreambuf_iterator<wchar_t, _STL::char_traits<wchar_t> > >::do_get(_STL::istreambuf_iterator<wchar_t, _STL::char_traits<wchar_t> >, _STL::istreambuf_iterator<wchar_t, _STL::char_traits<wchar_t> >, _STL::ios_base&, int&, void*&) const
 .text._ZNK4_STL7num_getIwNS_19istreambuf_iteratorIwNS_11char_traitsIwEEEEE6do_getES4_S4_RNS_8ios_baseERiRy
                0x4a00f534       0x40 c:/marmalade/7.3/s3e/lib/arm/v6/nofpu/soft\libs3e_cpp_d.a(locale_impl.obj)
                0x4a00f534                _STL::num_get<wchar_t, _STL::istreambuf_iterator<wchar_t, _STL::char_traits<wchar_t> > >::do_get(_STL::istreambuf_iterator<wchar_t, _STL::char_traits<wchar_t> >, _STL::istreambuf_iterator<wchar_t, _STL::char_traits<wchar_t> >, _STL::ios_base&, int&, unsigned long long&) const
 .text._ZNK4_STL7num_getIwNS_19istreambuf_iteratorIwNS_11char_traitsIwEEEEE6do_getES4_S4_RNS_8ios_baseERiRx
                0x4a00f574      0x438 c:/marmalade/7.3/s3e/lib/arm/v6/nofpu/soft\libs3e_cpp_d.a(locale_impl.obj)
                0x4a00f574                _STL::num_get<wchar_t, _STL::istreambuf_iterator<wchar_t, _STL::char_traits<wchar_t> > >::do_get(_STL::istreambuf_iterator<wchar_t, _STL::char_traits<wchar_t> >, _STL::istreambuf_iterator<wchar_t, _STL::char_traits<wchar_t> >, _STL::ios_base&, int&, long long&) const
 .text._ZN4_STL11__copy_signINS_19istreambuf_iteratorIwNS_11char_traitsIwEEEEwEET_S5_S5_RNS_12basic_stringIcNS2_IcEENS_9allocatorIcEEEET0_SC_
                0x4a00f9ac      0x204 c:/marmalade/7.3/s3e/lib/arm/v6/nofpu/soft\libs3e_cpp_d.a(locale_impl.obj)
                0x4a00f9ac                _STL::istreambuf_iterator<wchar_t, _STL::char_traits<wchar_t> > _STL::__copy_sign<_STL::istreambuf_iterator<wchar_t, _STL::char_traits<wchar_t> >, wchar_t>(_STL::istreambuf_iterator<wchar_t, _STL::char_traits<wchar_t> >, _STL::istreambuf_iterator<wchar_t, _STL::char_traits<wchar_t> >, _STL::basic_string<char, _STL::char_traits<char>, _STL::allocator<char> >&, wchar_t, wchar_t)
 .text._ZN4_STL13__copy_digitsINS_19istreambuf_iteratorIwNS_11char_traitsIwEEEEwEEbRT_S6_RNS_12basic_stringIcNS2_IcEENS_9allocatorIcEEEEPKT0_
                0x4a00fbb0      0x208 c:/marmalade/7.3/s3e/lib/arm/v6/nofpu/soft\libs3e_cpp_d.a(locale_impl.obj)
                0x4a00fbb0                bool _STL::__copy_digits<_STL::istreambuf_iterator<wchar_t, _STL::char_traits<wchar_t> >, wchar_t>(_STL::istreambuf_iterator<wchar_t, _STL::char_traits<wchar_t> >&, _STL::istreambuf_iterator<wchar_t, _STL::char_traits<wchar_t> >&, _STL::basic_string<char, _STL::char_traits<char>, _STL::allocator<char> >&, wchar_t const*)
 .text._ZN4_STL13_M_read_floatINS_19istreambuf_iteratorIwNS_11char_traitsIwEEEEwEEbRNS_12basic_stringIcNS2_IcEENS_9allocatorIcEEEERT_SC_RNS_8ios_baseEPT0_
                0x4a00fdb8      0x4fc c:/marmalade/7.3/s3e/lib/arm/v6/nofpu/soft\libs3e_cpp_d.a(locale_impl.obj)
                0x4a00fdb8                bool _STL::_M_read_float<_STL::istreambuf_iterator<wchar_t, _STL::char_traits<wchar_t> >, wchar_t>(_STL::basic_string<char, _STL::char_traits<char>, _STL::allocator<char> >&, _STL::istreambuf_iterator<wchar_t, _STL::char_traits<wchar_t> >&, _STL::istreambuf_iterator<wchar_t, _STL::char_traits<wchar_t> >&, _STL::ios_base&, wchar_t*)
 .text._ZNK4_STL7num_getIwNS_19istreambuf_iteratorIwNS_11char_traitsIwEEEEE6do_getES4_S4_RNS_8ios_baseERiRf
                0x4a0102b4      0x160 c:/marmalade/7.3/s3e/lib/arm/v6/nofpu/soft\libs3e_cpp_d.a(locale_impl.obj)
                0x4a0102b4                _STL::num_get<wchar_t, _STL::istreambuf_iterator<wchar_t, _STL::char_traits<wchar_t> > >::do_get(_STL::istreambuf_iterator<wchar_t, _STL::char_traits<wchar_t> >, _STL::istreambuf_iterator<wchar_t, _STL::char_traits<wchar_t> >, _STL::ios_base&, int&, float&) const
 .text._ZNK4_STL7num_getIwNS_19istreambuf_iteratorIwNS_11char_traitsIwEEEEE6do_getES4_S4_RNS_8ios_baseERiRd
                0x4a010414      0x160 c:/marmalade/7.3/s3e/lib/arm/v6/nofpu/soft\libs3e_cpp_d.a(locale_impl.obj)
                0x4a010414                _STL::num_get<wchar_t, _STL::istreambuf_iterator<wchar_t, _STL::char_traits<wchar_t> > >::do_get(_STL::istreambuf_iterator<wchar_t, _STL::char_traits<wchar_t> >, _STL::istreambuf_iterator<wchar_t, _STL::char_traits<wchar_t> >, _STL::ios_base&, int&, double&) const
 .text._ZNK4_STL7num_getIwNS_19istreambuf_iteratorIwNS_11char_traitsIwEEEEE6do_getES4_S4_RNS_8ios_baseERiRe
                0x4a010574      0x160 c:/marmalade/7.3/s3e/lib/arm/v6/nofpu/soft\libs3e_cpp_d.a(locale_impl.obj)
                0x4a010574                _STL::num_get<wchar_t, _STL::istreambuf_iterator<wchar_t, _STL::char_traits<wchar_t> > >::do_get(_STL::istreambuf_iterator<wchar_t, _STL::char_traits<wchar_t> >, _STL::istreambuf_iterator<wchar_t, _STL::char_traits<wchar_t> >, _STL::ios_base&, int&, long double&) const
 .text._ZNK4_STL19istreambuf_iteratorIcNS_11char_traitsIcEEE5equalERKS3_
                0x4a0106d4       0xf0 c:/marmalade/7.3/s3e/lib/arm/v6/nofpu/soft\libs3e_cpp_d.a(locale_impl.obj)
                0x4a0106d4                _STL::istreambuf_iterator<char, _STL::char_traits<char> >::equal(_STL::istreambuf_iterator<char, _STL::char_traits<char> > const&) const
 .text._ZNK4_STL7num_getIcNS_19istreambuf_iteratorIcNS_11char_traitsIcEEEEE6do_getES4_S4_RNS_8ios_baseERiRb
                0x4a0107c4      0x408 c:/marmalade/7.3/s3e/lib/arm/v6/nofpu/soft\libs3e_cpp_d.a(locale_impl.obj)
                0x4a0107c4                _STL::num_get<char, _STL::istreambuf_iterator<char, _STL::char_traits<char> > >::do_get(_STL::istreambuf_iterator<char, _STL::char_traits<char> >, _STL::istreambuf_iterator<char, _STL::char_traits<char> >, _STL::ios_base&, int&, bool&) const
 .text._ZN4_STL20__get_monetary_valueINS_19istreambuf_iteratorIcNS_11char_traitsIcEEEENS_20back_insert_iteratorINS_12basic_stringIcS3_NS_9allocatorIcEEEEEEcEEbRT_SB_T0_RKNS_5ctypeIT1_EESF_iSF_RKS9_Rb
                0x4a010bcc      0x534 c:/marmalade/7.3/s3e/lib/arm/v6/nofpu/soft\libs3e_cpp_d.a(locale_impl.obj)
                0x4a010bcc                bool _STL::__get_monetary_value<_STL::istreambuf_iterator<char, _STL::char_traits<char> >, _STL::back_insert_iterator<_STL::basic_string<char, _STL::char_traits<char>, _STL::allocator<char> > >, char>(_STL::istreambuf_iterator<char, _STL::char_traits<char> >&, _STL::istreambuf_iterator<char, _STL::char_traits<char> >, _STL::back_insert_iterator<_STL::basic_string<char, _STL::char_traits<char>, _STL::allocator<char> > >, _STL::ctype<char> const&, char, int, char, _STL::basic_string<char, _STL::char_traits<char>, _STL::allocator<char> > const&, bool&)
 .text._ZNK4_STL9money_getIcNS_19istreambuf_iteratorIcNS_11char_traitsIcEEEEE6do_getES4_S4_bRNS_8ios_baseERiRNS_12basic_stringIcS3_NS_9allocatorIcEEEE
                0x4a011100      0x9e8 c:/marmalade/7.3/s3e/lib/arm/v6/nofpu/soft\libs3e_cpp_d.a(locale_impl.obj)
                0x4a011100                _STL::money_get<char, _STL::istreambuf_iterator<char, _STL::char_traits<char> > >::do_get(_STL::istreambuf_iterator<char, _STL::char_traits<char> >, _STL::istreambuf_iterator<char, _STL::char_traits<char> >, bool, _STL::ios_base&, int&, _STL::basic_string<char, _STL::char_traits<char>, _STL::allocator<char> >&) const
 .text._ZN4_STL19_M_get_base_or_zeroINS_19istreambuf_iteratorIcNS_11char_traitsIcEEEEcEEiRT_S6_RNS_8ios_baseEPT0_
                0x4a011ae8      0x3b4 c:/marmalade/7.3/s3e/lib/arm/v6/nofpu/soft\libs3e_cpp_d.a(locale_impl.obj)
                0x4a011ae8                int _STL::_M_get_base_or_zero<_STL::istreambuf_iterator<char, _STL::char_traits<char> >, char>(_STL::istreambuf_iterator<char, _STL::char_traits<char> >&, _STL::istreambuf_iterator<char, _STL::char_traits<char> >&, _STL::ios_base&, char*)
 .text._ZNK4_STL7num_getIcNS_19istreambuf_iteratorIcNS_11char_traitsIcEEEEE6do_getES4_S4_RNS_8ios_baseERiRl
                0x4a011e9c      0x3d4 c:/marmalade/7.3/s3e/lib/arm/v6/nofpu/soft\libs3e_cpp_d.a(locale_impl.obj)
                0x4a011e9c                _STL::num_get<char, _STL::istreambuf_iterator<char, _STL::char_traits<char> > >::do_get(_STL::istreambuf_iterator<char, _STL::char_traits<char> >, _STL::istreambuf_iterator<char, _STL::char_traits<char> >, _STL::ios_base&, int&, long&) const
 .text._ZNK4_STL7num_getIcNS_19istreambuf_iteratorIcNS_11char_traitsIcEEEEE6do_getES4_S4_RNS_8ios_baseERiRt
                0x4a012270      0x3c4 c:/marmalade/7.3/s3e/lib/arm/v6/nofpu/soft\libs3e_cpp_d.a(locale_impl.obj)
                0x4a012270                _STL::num_get<char, _STL::istreambuf_iterator<char, _STL::char_traits<char> > >::do_get(_STL::istreambuf_iterator<char, _STL::char_traits<char> >, _STL::istreambuf_iterator<char, _STL::char_traits<char> >, _STL::ios_base&, int&, unsigned short&) const
 .text._ZNK4_STL7num_getIcNS_19istreambuf_iteratorIcNS_11char_traitsIcEEEEE6do_getES4_S4_RNS_8ios_baseERiRj
                0x4a012634      0x3c0 c:/marmalade/7.3/s3e/lib/arm/v6/nofpu/soft\libs3e_cpp_d.a(locale_impl.obj)
                0x4a012634                _STL::num_get<char, _STL::istreambuf_iterator<char, _STL::char_traits<char> > >::do_get(_STL::istreambuf_iterator<char, _STL::char_traits<char> >, _STL::istreambuf_iterator<char, _STL::char_traits<char> >, _STL::ios_base&, int&, unsigned int&) const
 .text._ZNK4_STL7num_getIcNS_19istreambuf_iteratorIcNS_11char_traitsIcEEEEE6do_getES4_S4_RNS_8ios_baseERiRm
                0x4a0129f4      0x3c0 c:/marmalade/7.3/s3e/lib/arm/v6/nofpu/soft\libs3e_cpp_d.a(locale_impl.obj)
                0x4a0129f4                _STL::num_get<char, _STL::istreambuf_iterator<char, _STL::char_traits<char> > >::do_get(_STL::istreambuf_iterator<char, _STL::char_traits<char> >, _STL::istreambuf_iterator<char, _STL::char_traits<char> >, _STL::ios_base&, int&, unsigned long&) const
 .text._ZN4_STL17_M_do_get_integerINS_19istreambuf_iteratorIcNS_11char_traitsIcEEEEycEET_RS5_S6_RNS_8ios_baseERiRT0_PT1_
                0x4a012db4      0x3f4 c:/marmalade/7.3/s3e/lib/arm/v6/nofpu/soft\libs3e_cpp_d.a(locale_impl.obj)
                0x4a012db4                _STL::istreambuf_iterator<char, _STL::char_traits<char> > _STL::_M_do_get_integer<_STL::istreambuf_iterator<char, _STL::char_traits<char> >, unsigned long long, char>(_STL::istreambuf_iterator<char, _STL::char_traits<char> >&, _STL::istreambuf_iterator<char, _STL::char_traits<char> >&, _STL::ios_base&, int&, unsigned long long&, char*)
 .text._ZNK4_STL7num_getIcNS_19istreambuf_iteratorIcNS_11char_traitsIcEEEEE6do_getES4_S4_RNS_8ios_baseERiRPv
                0x4a0131a8       0x54 c:/marmalade/7.3/s3e/lib/arm/v6/nofpu/soft\libs3e_cpp_d.a(locale_impl.obj)
                0x4a0131a8                _STL::num_get<char, _STL::istreambuf_iterator<char, _STL::char_traits<char> > >::do_get(_STL::istreambuf_iterator<char, _STL::char_traits<char> >, _STL::istreambuf_iterator<char, _STL::char_traits<char> >, _STL::ios_base&, int&, void*&) const
 .text._ZNK4_STL7num_getIcNS_19istreambuf_iteratorIcNS_11char_traitsIcEEEEE6do_getES4_S4_RNS_8ios_baseERiRy
                0x4a0131fc       0x40 c:/marmalade/7.3/s3e/lib/arm/v6/nofpu/soft\libs3e_cpp_d.a(locale_impl.obj)
                0x4a0131fc                _STL::num_get<char, _STL::istreambuf_iterator<char, _STL::char_traits<char> > >::do_get(_STL::istreambuf_iterator<char, _STL::char_traits<char> >, _STL::istreambuf_iterator<char, _STL::char_traits<char> >, _STL::ios_base&, int&, unsigned long long&) const
 .text._ZNK4_STL7num_getIcNS_19istreambuf_iteratorIcNS_11char_traitsIcEEEEE6do_getES4_S4_RNS_8ios_baseERiRx
                0x4a01323c      0x40c c:/marmalade/7.3/s3e/lib/arm/v6/nofpu/soft\libs3e_cpp_d.a(locale_impl.obj)
                0x4a01323c                _STL::num_get<char, _STL::istreambuf_iterator<char, _STL::char_traits<char> > >::do_get(_STL::istreambuf_iterator<char, _STL::char_traits<char> >, _STL::istreambuf_iterator<char, _STL::char_traits<char> >, _STL::ios_base&, int&, long long&) const
 .text._ZN4_STL11__copy_signINS_19istreambuf_iteratorIcNS_11char_traitsIcEEEEcEET_S5_S5_RNS_12basic_stringIcS3_NS_9allocatorIcEEEET0_SB_
                0x4a013648      0x204 c:/marmalade/7.3/s3e/lib/arm/v6/nofpu/soft\libs3e_cpp_d.a(locale_impl.obj)
                0x4a013648                _STL::istreambuf_iterator<char, _STL::char_traits<char> > _STL::__copy_sign<_STL::istreambuf_iterator<char, _STL::char_traits<char> >, char>(_STL::istreambuf_iterator<char, _STL::char_traits<char> >, _STL::istreambuf_iterator<char, _STL::char_traits<char> >, _STL::basic_string<char, _STL::char_traits<char>, _STL::allocator<char> >&, char, char)
 .text._ZN4_STL13_M_read_floatINS_19istreambuf_iteratorIcNS_11char_traitsIcEEEEcEEbRNS_12basic_stringIcS3_NS_9allocatorIcEEEERT_SB_RNS_8ios_baseEPT0_
                0x4a01384c      0x4d8 c:/marmalade/7.3/s3e/lib/arm/v6/nofpu/soft\libs3e_cpp_d.a(locale_impl.obj)
                0x4a01384c                bool _STL::_M_read_float<_STL::istreambuf_iterator<char, _STL::char_traits<char> >, char>(_STL::basic_string<char, _STL::char_traits<char>, _STL::allocator<char> >&, _STL::istreambuf_iterator<char, _STL::char_traits<char> >&, _STL::istreambuf_iterator<char, _STL::char_traits<char> >&, _STL::ios_base&, char*)
 .text._ZNK4_STL7num_getIcNS_19istreambuf_iteratorIcNS_11char_traitsIcEEEEE6do_getES4_S4_RNS_8ios_baseERiRf
                0x4a013d24      0x160 c:/marmalade/7.3/s3e/lib/arm/v6/nofpu/soft\libs3e_cpp_d.a(locale_impl.obj)
                0x4a013d24                _STL::num_get<char, _STL::istreambuf_iterator<char, _STL::char_traits<char> > >::do_get(_STL::istreambuf_iterator<char, _STL::char_traits<char> >, _STL::istreambuf_iterator<char, _STL::char_traits<char> >, _STL::ios_base&, int&, float&) const
 .text._ZNK4_STL7num_getIcNS_19istreambuf_iteratorIcNS_11char_traitsIcEEEEE6do_getES4_S4_RNS_8ios_baseERiRd
                0x4a013e84      0x160 c:/marmalade/7.3/s3e/lib/arm/v6/nofpu/soft\libs3e_cpp_d.a(locale_impl.obj)
                0x4a013e84                _STL::num_get<char, _STL::istreambuf_iterator<char, _STL::char_traits<char> > >::do_get(_STL::istreambuf_iterator<char, _STL::char_traits<char> >, _STL::istreambuf_iterator<char, _STL::char_traits<char> >, _STL::ios_base&, int&, double&) const
 .text._ZNK4_STL7num_getIcNS_19istreambuf_iteratorIcNS_11char_traitsIcEEEEE6do_getES4_S4_RNS_8ios_baseERiRe
                0x4a013fe4      0x160 c:/marmalade/7.3/s3e/lib/arm/v6/nofpu/soft\libs3e_cpp_d.a(locale_impl.obj)
                0x4a013fe4                _STL::num_get<char, _STL::istreambuf_iterator<char, _STL::char_traits<char> > >::do_get(_STL::istreambuf_iterator<char, _STL::char_traits<char> >, _STL::istreambuf_iterator<char, _STL::char_traits<char> >, _STL::ios_base&, int&, long double&) const
 .text._ZN4_STL7__matchINS_19istreambuf_iteratorIwNS_11char_traitsIwEEEEPNS_12basic_stringIcNS2_IcEENS_9allocatorIcEEEElEET0_RT_SD_SB_SB_PT1_
                0x4a014144      0x25c c:/marmalade/7.3/s3e/lib/arm/v6/nofpu/soft\libs3e_cpp_d.a(locale_impl.obj)
                0x4a014144                _STL::basic_string<char, _STL::char_traits<char>, _STL::allocator<char> >* _STL::__match<_STL::istreambuf_iterator<wchar_t, _STL::char_traits<wchar_t> >, _STL::basic_string<char, _STL::char_traits<char>, _STL::allocator<char> >*, long>(_STL::istreambuf_iterator<wchar_t, _STL::char_traits<wchar_t> >&, _STL::istreambuf_iterator<wchar_t, _STL::char_traits<wchar_t> >&, _STL::basic_string<char, _STL::char_traits<char>, _STL::allocator<char> >*, _STL::basic_string<char, _STL::char_traits<char>, _STL::allocator<char> >*, long*)
 .text._ZNK4_STL8time_getIwNS_19istreambuf_iteratorIwNS_11char_traitsIwEEEEE16do_get_monthnameES4_S4_RNS_8ios_baseERiP2tm
                0x4a0143a0      0x178 c:/marmalade/7.3/s3e/lib/arm/v6/nofpu/soft\libs3e_cpp_d.a(locale_impl.obj)
                0x4a0143a0                _STL::time_get<wchar_t, _STL::istreambuf_iterator<wchar_t, _STL::char_traits<wchar_t> > >::do_get_monthname(_STL::istreambuf_iterator<wchar_t, _STL::char_traits<wchar_t> >, _STL::istreambuf_iterator<wchar_t, _STL::char_traits<wchar_t> >, _STL::ios_base&, int&, tm*) const
 .text._ZN4_STL20__get_formatted_timeINS_19istreambuf_iteratorIwNS_11char_traitsIwEEEEPKcEET0_T_S8_S7_S7_RKNS_10_Time_InfoERiP2tm
                0x4a014518      0x588 c:/marmalade/7.3/s3e/lib/arm/v6/nofpu/soft\libs3e_cpp_d.a(locale_impl.obj)
                0x4a014518                char const* _STL::__get_formatted_time<_STL::istreambuf_iterator<wchar_t, _STL::char_traits<wchar_t> >, char const*>(_STL::istreambuf_iterator<wchar_t, _STL::char_traits<wchar_t> >, _STL::istreambuf_iterator<wchar_t, _STL::char_traits<wchar_t> >, char const*, char const*, _STL::_Time_Info const&, int&, tm*)
 .text._ZNK4_STL8time_getIwNS_19istreambuf_iteratorIwNS_11char_traitsIwEEEEE11do_get_timeES4_S4_RNS_8ios_baseERiP2tm
                0x4a014aa0      0x13c c:/marmalade/7.3/s3e/lib/arm/v6/nofpu/soft\libs3e_cpp_d.a(locale_impl.obj)
                0x4a014aa0                _STL::time_get<wchar_t, _STL::istreambuf_iterator<wchar_t, _STL::char_traits<wchar_t> > >::do_get_time(_STL::istreambuf_iterator<wchar_t, _STL::char_traits<wchar_t> >, _STL::istreambuf_iterator<wchar_t, _STL::char_traits<wchar_t> >, _STL::ios_base&, int&, tm*) const
 .text._ZNK4_STL8time_getIwNS_19istreambuf_iteratorIwNS_11char_traitsIwEEEEE11do_get_dateES4_S4_RNS_8ios_baseERiP2tm
                0x4a014bdc      0x140 c:/marmalade/7.3/s3e/lib/arm/v6/nofpu/soft\libs3e_cpp_d.a(locale_impl.obj)
                0x4a014bdc                _STL::time_get<wchar_t, _STL::istreambuf_iterator<wchar_t, _STL::char_traits<wchar_t> > >::do_get_date(_STL::istreambuf_iterator<wchar_t, _STL::char_traits<wchar_t> >, _STL::istreambuf_iterator<wchar_t, _STL::char_traits<wchar_t> >, _STL::ios_base&, int&, tm*) const
 .text._ZN4_STL7__matchINS_19istreambuf_iteratorIwNS_11char_traitsIwEEEEPKNS_12basic_stringIcNS2_IcEENS_9allocatorIcEEEElEET0_RT_SE_SC_SC_PT1_
                0x4a014d1c      0x25c c:/marmalade/7.3/s3e/lib/arm/v6/nofpu/soft\libs3e_cpp_d.a(locale_impl.obj)
                0x4a014d1c                _STL::basic_string<char, _STL::char_traits<char>, _STL::allocator<char> > const* _STL::__match<_STL::istreambuf_iterator<wchar_t, _STL::char_traits<wchar_t> >, _STL::basic_string<char, _STL::char_traits<char>, _STL::allocator<char> > const*, long>(_STL::istreambuf_iterator<wchar_t, _STL::char_traits<wchar_t> >&, _STL::istreambuf_iterator<wchar_t, _STL::char_traits<wchar_t> >&, _STL::basic_string<char, _STL::char_traits<char>, _STL::allocator<char> > const*, _STL::basic_string<char, _STL::char_traits<char>, _STL::allocator<char> > const*, long*)
 .text._ZNK4_STL8time_getIwNS_19istreambuf_iteratorIwNS_11char_traitsIwEEEEE14do_get_weekdayES4_S4_RNS_8ios_baseERiP2tm
                0x4a014f78      0x17c c:/marmalade/7.3/s3e/lib/arm/v6/nofpu/soft\libs3e_cpp_d.a(locale_impl.obj)
                0x4a014f78                _STL::time_get<wchar_t, _STL::istreambuf_iterator<wchar_t, _STL::char_traits<wchar_t> > >::do_get_weekday(_STL::istreambuf_iterator<wchar_t, _STL::char_traits<wchar_t> >, _STL::istreambuf_iterator<wchar_t, _STL::char_traits<wchar_t> >, _STL::ios_base&, int&, tm*) const
 .text._ZN4_STL7__matchINS_19istreambuf_iteratorIcNS_11char_traitsIcEEEEPNS_12basic_stringIcS3_NS_9allocatorIcEEEElEET0_RT_SC_SA_SA_PT1_
                0x4a0150f4      0x25c c:/marmalade/7.3/s3e/lib/arm/v6/nofpu/soft\libs3e_cpp_d.a(locale_impl.obj)
                0x4a0150f4                _STL::basic_string<char, _STL::char_traits<char>, _STL::allocator<char> >* _STL::__match<_STL::istreambuf_iterator<char, _STL::char_traits<char> >, _STL::basic_string<char, _STL::char_traits<char>, _STL::allocator<char> >*, long>(_STL::istreambuf_iterator<char, _STL::char_traits<char> >&, _STL::istreambuf_iterator<char, _STL::char_traits<char> >&, _STL::basic_string<char, _STL::char_traits<char>, _STL::allocator<char> >*, _STL::basic_string<char, _STL::char_traits<char>, _STL::allocator<char> >*, long*)
 .text._ZNK4_STL8time_getIcNS_19istreambuf_iteratorIcNS_11char_traitsIcEEEEE16do_get_monthnameES4_S4_RNS_8ios_baseERiP2tm
                0x4a015350      0x178 c:/marmalade/7.3/s3e/lib/arm/v6/nofpu/soft\libs3e_cpp_d.a(locale_impl.obj)
                0x4a015350                _STL::time_get<char, _STL::istreambuf_iterator<char, _STL::char_traits<char> > >::do_get_monthname(_STL::istreambuf_iterator<char, _STL::char_traits<char> >, _STL::istreambuf_iterator<char, _STL::char_traits<char> >, _STL::ios_base&, int&, tm*) const
 .text._ZN4_STL20__get_formatted_timeINS_19istreambuf_iteratorIcNS_11char_traitsIcEEEEPKcEET0_T_S8_S7_S7_RKNS_10_Time_InfoERiP2tm
                0x4a0154c8      0x588 c:/marmalade/7.3/s3e/lib/arm/v6/nofpu/soft\libs3e_cpp_d.a(locale_impl.obj)
                0x4a0154c8                char const* _STL::__get_formatted_time<_STL::istreambuf_iterator<char, _STL::char_traits<char> >, char const*>(_STL::istreambuf_iterator<char, _STL::char_traits<char> >, _STL::istreambuf_iterator<char, _STL::char_traits<char> >, char const*, char const*, _STL::_Time_Info const&, int&, tm*)
 .text._ZNK4_STL8time_getIcNS_19istreambuf_iteratorIcNS_11char_traitsIcEEEEE11do_get_timeES4_S4_RNS_8ios_baseERiP2tm
                0x4a015a50      0x13c c:/marmalade/7.3/s3e/lib/arm/v6/nofpu/soft\libs3e_cpp_d.a(locale_impl.obj)
                0x4a015a50                _STL::time_get<char, _STL::istreambuf_iterator<char, _STL::char_traits<char> > >::do_get_time(_STL::istreambuf_iterator<char, _STL::char_traits<char> >, _STL::istreambuf_iterator<char, _STL::char_traits<char> >, _STL::ios_base&, int&, tm*) const
 .text._ZNK4_STL8time_getIcNS_19istreambuf_iteratorIcNS_11char_traitsIcEEEEE11do_get_dateES4_S4_RNS_8ios_baseERiP2tm
                0x4a015b8c      0x140 c:/marmalade/7.3/s3e/lib/arm/v6/nofpu/soft\libs3e_cpp_d.a(locale_impl.obj)
                0x4a015b8c                _STL::time_get<char, _STL::istreambuf_iterator<char, _STL::char_traits<char> > >::do_get_date(_STL::istreambuf_iterator<char, _STL::char_traits<char> >, _STL::istreambuf_iterator<char, _STL::char_traits<char> >, _STL::ios_base&, int&, tm*) const
 .text._ZN4_STL7__matchINS_19istreambuf_iteratorIcNS_11char_traitsIcEEEEPKNS_12basic_stringIcS3_NS_9allocatorIcEEEElEET0_RT_SD_SB_SB_PT1_
                0x4a015ccc      0x25c c:/marmalade/7.3/s3e/lib/arm/v6/nofpu/soft\libs3e_cpp_d.a(locale_impl.obj)
                0x4a015ccc                _STL::basic_string<char, _STL::char_traits<char>, _STL::allocator<char> > const* _STL::__match<_STL::istreambuf_iterator<char, _STL::char_traits<char> >, _STL::basic_string<char, _STL::char_traits<char>, _STL::allocator<char> > const*, long>(_STL::istreambuf_iterator<char, _STL::char_traits<char> >&, _STL::istreambuf_iterator<char, _STL::char_traits<char> >&, _STL::basic_string<char, _STL::char_traits<char>, _STL::allocator<char> > const*, _STL::basic_string<char, _STL::char_traits<char>, _STL::allocator<char> > const*, long*)
 .text._ZNK4_STL8time_getIcNS_19istreambuf_iteratorIcNS_11char_traitsIcEEEEE14do_get_weekdayES4_S4_RNS_8ios_baseERiP2tm
                0x4a015f28      0x17c c:/marmalade/7.3/s3e/lib/arm/v6/nofpu/soft\libs3e_cpp_d.a(locale_impl.obj)
                0x4a015f28                _STL::time_get<char, _STL::istreambuf_iterator<char, _STL::char_traits<char> > >::do_get_weekday(_STL::istreambuf_iterator<char, _STL::char_traits<char> >, _STL::istreambuf_iterator<char, _STL::char_traits<char> >, _STL::ios_base&, int&, tm*) const
 .text._ZN4_STL21__copy_float_and_fillIcNS_19ostreambuf_iteratorIcNS_11char_traitsIcEEEEEET0_PKT_S8_S5_iiS6_S6_S6_
                0x4a0160a4      0x30c c:/marmalade/7.3/s3e/lib/arm/v6/nofpu/soft\libs3e_cpp_d.a(locale_impl.obj)
                0x4a0160a4                _STL::ostreambuf_iterator<char, _STL::char_traits<char> > _STL::__copy_float_and_fill<char, _STL::ostreambuf_iterator<char, _STL::char_traits<char> > >(char const*, char const*, _STL::ostreambuf_iterator<char, _STL::char_traits<char> >, int, int, char, char, char)
 .text._ZN4_STL11__put_floatINS_19ostreambuf_iteratorIcNS_11char_traitsIcEEEEEET_PcS6_S5_RNS_8ios_baseEcccRKNS_12basic_stringIcS3_NS_9allocatorIcEEEE